This file contains any messages produced by compilers while
running configure, to aid debugging if configure makes a mistake.

It was created by FreeType configure 2.14.1, which was
generated by GNU Autoconf 2.72.  Invocation command line was

  $ ./configure --host=aarch64-linux-android --with-zlib=yes --prefix=/home/kokox/AppTaller-Rework/.buildozer/android/platform/build-arm64-v8a_armeabi-v7a/build/other_builds/freetype/arm64-v8a__ndk_target_24/freetype --with-harfbuzz=no --disable-static --without-brotli --without-bzip2 --with-png=no --enable-shared

## --------- ##
## Platform. ##
## --------- ##

hostname = Luis-Ealo
uname -m = x86_64
uname -r = 6.18.33.2-microsoft-standard-WSL2
uname -s = Linux
uname -v = #1 SMP PREEMPT_DYNAMIC Thu Jun 18 21:54:43 UTC 2026

/usr/bin/uname -p = unknown
/bin/uname -X     = unknown

/bin/arch              = x86_64
/usr/bin/arch -k       = unknown
/usr/convex/getsysinfo = unknown
/usr/bin/hostinfo      = unknown
/bin/machine           = unknown
/usr/bin/oslevel       = unknown
/bin/universe          = unknown

PATH: /home/kokox/.buildozer/android/platform/android-ndk-r28c/toolchains/llvm/prebuilt/linux-x86_64/bin/
PATH: /home/kokox/.buildozer/android/platform/android-ndk-r28c/
PATH: /home/kokox/.buildozer/android/platform/android-sdk/tools/
PATH: /home/kokox/.buildozer/android/platform/apache-ant-1.9.4/bin/
PATH: /home/kokox/.local/bin/
PATH: /usr/local/sbin/
PATH: /usr/local/bin/
PATH: /usr/sbin/
PATH: /usr/bin/
PATH: /sbin/
PATH: /bin/
PATH: /usr/games/
PATH: /usr/local/games/
PATH: /usr/lib/wsl/lib/
PATH: /mnt/c/Program Files/WindowsApps/MicrosoftCorporationII.WindowsSubsystemForLinux_2.7.14.0_x64__8wekyb3d8bbwe/
PATH: /mnt/c/Program Files/Common Files/Oracle/Java/javapath/
PATH: /mnt/c/Windows/system32/
PATH: /mnt/c/Windows/
PATH: /mnt/c/Windows/System32/Wbem/
PATH: /mnt/c/Windows/System32/WindowsPowerShell/v1.0/
PATH: /mnt/c/Windows/System32/OpenSSH/
PATH: /mnt/c/Program Files/Git/cmd/
PATH: /mnt/c/Program Files/dotnet/
PATH: /mnt/c/Program Files/nodejs/
PATH: /mnt/c/Users/LuisE/AppData/Local/Programs/Python/Python313/Scripts/
PATH: /mnt/c/Users/LuisE/AppData/Local/Programs/Python/Python313/
PATH: /mnt/c/Users/LuisE/AppData/Local/Microsoft/WindowsApps/
PATH: /mnt/c/Users/LuisE/AppData/Local/Python/bin/
PATH: /mnt/c/Users/LuisE/AppData/Local/Programs/Microsoft VS Code/bin/
PATH: /mnt/c/Users/LuisE/AppData/Local/spicetify/
PATH: /mnt/c/Users/LuisE/AppData/Roaming/npm/
PATH: /snap/bin/


## ----------- ##
## Core tests. ##
## ----------- ##

configure:2608: looking for aux files: install-sh ltmain.sh config.guess config.sub
configure:2621:  trying ./
configure:2632:   ./install-sh found
configure:2650:   ./ltmain.sh found
configure:2650:   ./config.guess found
configure:2650:   ./config.sub found
configure:2782: checking build system type
configure:2798: result: x86_64-pc-linux-android
configure:2818: checking host system type
configure:2833: result: aarch64-unknown-linux-android
configure:2874: checking for aarch64-linux-android-gcc
configure:2907: result: /usr/bin/ccache /home/kokox/.buildozer/android/platform/android-ndk-r28c/toolchains/llvm/prebuilt/linux-x86_64/bin/clang -target aarch64-linux-android24 -fomit-frame-pointer -march=armv8-a -fPIC
configure:3312: checking for C compiler version
configure:3321: /usr/bin/ccache /home/kokox/.buildozer/android/platform/android-ndk-r28c/toolchains/llvm/prebuilt/linux-x86_64/bin/clang -target aarch64-linux-android24 -fomit-frame-pointer -march=armv8-a -fPIC --version >&5
Android (13624864, +pgo, +bolt, +lto, +mlgo, based on r530567e) clang version 19.0.1 (https://android.googlesource.com/toolchain/llvm-project 97a699bf4812a18fb657c2779f5296a4ab2694d2)
Target: aarch64-unknown-linux-android24
Thread model: posix
InstalledDir: /home/kokox/.buildozer/android/platform/android-ndk-r28c/toolchains/llvm/prebuilt/linux-x86_64/bin
configure:3332: $? = 0
configure:3321: /usr/bin/ccache /home/kokox/.buildozer/android/platform/android-ndk-r28c/toolchains/llvm/prebuilt/linux-x86_64/bin/clang -target aarch64-linux-android24 -fomit-frame-pointer -march=armv8-a -fPIC -v >&5
Android (13624864, +pgo, +bolt, +lto, +mlgo, based on r530567e) clang version 19.0.1 (https://android.googlesource.com/toolchain/llvm-project 97a699bf4812a18fb657c2779f5296a4ab2694d2)
Target: aarch64-unknown-linux-android24
Thread model: posix
InstalledDir: /home/kokox/.buildozer/android/platform/android-ndk-r28c/toolchains/llvm/prebuilt/linux-x86_64/bin
clang: warning: argument unused during compilation: '-fomit-frame-pointer' [-Wunused-command-line-argument]
clang: warning: argument unused during compilation: '-march=armv8-a' [-Wunused-command-line-argument]
clang: warning: argument unused during compilation: '-fPIC' [-Wunused-command-line-argument]
configure:3332: $? = 0
configure:3321: /usr/bin/ccache /home/kokox/.buildozer/android/platform/android-ndk-r28c/toolchains/llvm/prebuilt/linux-x86_64/bin/clang -target aarch64-linux-android24 -fomit-frame-pointer -march=armv8-a -fPIC -V >&5
clang: error: argument to '-V' is missing (expected 1 value)
clang: error: no input files
configure:3332: $? = 1
configure:3321: /usr/bin/ccache /home/kokox/.buildozer/android/platform/android-ndk-r28c/toolchains/llvm/prebuilt/linux-x86_64/bin/clang -target aarch64-linux-android24 -fomit-frame-pointer -march=armv8-a -fPIC -qversion >&5
clang: error: unknown argument '-qversion'; did you mean '--version'?
clang: error: no input files
configure:3332: $? = 1
configure:3321: /usr/bin/ccache /home/kokox/.buildozer/android/platform/android-ndk-r28c/toolchains/llvm/prebuilt/linux-x86_64/bin/clang -target aarch64-linux-android24 -fomit-frame-pointer -march=armv8-a -fPIC -version >&5
clang: error: unknown argument '-version'; did you mean '--version'?
clang: error: no input files
configure:3332: $? = 1
configure:3352: checking whether the C compiler works
configure:3374: /usr/bin/ccache /home/kokox/.buildozer/android/platform/android-ndk-r28c/toolchains/llvm/prebuilt/linux-x86_64/bin/clang -target aarch64-linux-android24 -fomit-frame-pointer -march=armv8-a -fPIC -target aarch64-linux-android24 -fomit-frame-pointer -march=armv8-a -fPIC -I/home/kokox/.buildozer/android/platform/android-ndk-r28c/toolchains/llvm/prebuilt/linux-x86_64/sysroot/usr/include -DANDROID -I/home/kokox/.buildozer/android/platform/android-ndk-r28c/toolchains/llvm/prebuilt/linux-x86_64/sysroot/usr/include -I/home/kokox/AppTaller-Rework/.buildozer/android/platform/build-arm64-v8a_armeabi-v7a/build/other_builds/python3/arm64-v8a__ndk_target_24/python3/android-build/android-root/include/python3.14   -L/home/kokox/AppTaller-Rework/.buildozer/android/platform/build-arm64-v8a_armeabi-v7a/build/libs_collections/outfitai/arm64-v8a -L/home/kokox/.buildozer/android/platform/android-ndk-r28c/toolchains/llvm/prebuilt/linux-x86_64/sysroot/usr/lib/aarch64-linux-android/24 conftest.c  >&5
configure:3378: $? = 0
configure:3429: result: yes
configure:3433: checking for C compiler default output file name
configure:3435: result: a.out
configure:3441: checking for suffix of executables
configure:3448: /usr/bin/ccache /home/kokox/.buildozer/android/platform/android-ndk-r28c/toolchains/llvm/prebuilt/linux-x86_64/bin/clang -target aarch64-linux-android24 -fomit-frame-pointer -march=armv8-a -fPIC -o conftest -target aarch64-linux-android24 -fomit-frame-pointer -march=armv8-a -fPIC -I/home/kokox/.buildozer/android/platform/android-ndk-r28c/toolchains/llvm/prebuilt/linux-x86_64/sysroot/usr/include -DANDROID -I/home/kokox/.buildozer/android/platform/android-ndk-r28c/toolchains/llvm/prebuilt/linux-x86_64/sysroot/usr/include -I/home/kokox/AppTaller-Rework/.buildozer/android/platform/build-arm64-v8a_armeabi-v7a/build/other_builds/python3/arm64-v8a__ndk_target_24/python3/android-build/android-root/include/python3.14   -L/home/kokox/AppTaller-Rework/.buildozer/android/platform/build-arm64-v8a_armeabi-v7a/build/libs_collections/outfitai/arm64-v8a -L/home/kokox/.buildozer/android/platform/android-ndk-r28c/toolchains/llvm/prebuilt/linux-x86_64/sysroot/usr/lib/aarch64-linux-android/24 conftest.c  >&5
configure:3452: $? = 0
configure:3476: result: 
configure:3500: checking whether we are cross compiling
configure:3508: /usr/bin/ccache /home/kokox/.buildozer/android/platform/android-ndk-r28c/toolchains/llvm/prebuilt/linux-x86_64/bin/clang -target aarch64-linux-android24 -fomit-frame-pointer -march=armv8-a -fPIC -o conftest -target aarch64-linux-android24 -fomit-frame-pointer -march=armv8-a -fPIC -I/home/kokox/.buildozer/android/platform/android-ndk-r28c/toolchains/llvm/prebuilt/linux-x86_64/sysroot/usr/include -DANDROID -I/home/kokox/.buildozer/android/platform/android-ndk-r28c/toolchains/llvm/prebuilt/linux-x86_64/sysroot/usr/include -I/home/kokox/AppTaller-Rework/.buildozer/android/platform/build-arm64-v8a_armeabi-v7a/build/other_builds/python3/arm64-v8a__ndk_target_24/python3/android-build/android-root/include/python3.14   -L/home/kokox/AppTaller-Rework/.buildozer/android/platform/build-arm64-v8a_armeabi-v7a/build/libs_collections/outfitai/arm64-v8a -L/home/kokox/.buildozer/android/platform/android-ndk-r28c/toolchains/llvm/prebuilt/linux-x86_64/sysroot/usr/lib/aarch64-linux-android/24 conftest.c  >&5
configure:3512: $? = 0
configure:3519: ./conftest
./configure: line 3521: ./conftest: cannot execute binary file: Exec format error
configure:3523: $? = 126
configure:3538: result: yes
configure:3544: checking for suffix of object files
configure:3567: /usr/bin/ccache /home/kokox/.buildozer/android/platform/android-ndk-r28c/toolchains/llvm/prebuilt/linux-x86_64/bin/clang -target aarch64-linux-android24 -fomit-frame-pointer -march=armv8-a -fPIC -c -target aarch64-linux-android24 -fomit-frame-pointer -march=armv8-a -fPIC -I/home/kokox/.buildozer/android/platform/android-ndk-r28c/toolchains/llvm/prebuilt/linux-x86_64/sysroot/usr/include -DANDROID -I/home/kokox/.buildozer/android/platform/android-ndk-r28c/toolchains/llvm/prebuilt/linux-x86_64/sysroot/usr/include -I/home/kokox/AppTaller-Rework/.buildozer/android/platform/build-arm64-v8a_armeabi-v7a/build/other_builds/python3/arm64-v8a__ndk_target_24/python3/android-build/android-root/include/python3.14 conftest.c >&5
configure:3571: $? = 0
configure:3595: result: o
configure:3599: checking whether the compiler supports GNU C
configure:3619: /usr/bin/ccache /home/kokox/.buildozer/android/platform/android-ndk-r28c/toolchains/llvm/prebuilt/linux-x86_64/bin/clang -target aarch64-linux-android24 -fomit-frame-pointer -march=armv8-a -fPIC -c -target aarch64-linux-android24 -fomit-frame-pointer -march=armv8-a -fPIC -I/home/kokox/.buildozer/android/platform/android-ndk-r28c/toolchains/llvm/prebuilt/linux-x86_64/sysroot/usr/include -DANDROID -I/home/kokox/.buildozer/android/platform/android-ndk-r28c/toolchains/llvm/prebuilt/linux-x86_64/sysroot/usr/include -I/home/kokox/AppTaller-Rework/.buildozer/android/platform/build-arm64-v8a_armeabi-v7a/build/other_builds/python3/arm64-v8a__ndk_target_24/python3/android-build/android-root/include/python3.14 conftest.c >&5
configure:3619: $? = 0
configure:3631: result: yes
configure:3642: checking whether /usr/bin/ccache /home/kokox/.buildozer/android/platform/android-ndk-r28c/toolchains/llvm/prebuilt/linux-x86_64/bin/clang -target aarch64-linux-android24 -fomit-frame-pointer -march=armv8-a -fPIC accepts -g
configure:3663: /usr/bin/ccache /home/kokox/.buildozer/android/platform/android-ndk-r28c/toolchains/llvm/prebuilt/linux-x86_64/bin/clang -target aarch64-linux-android24 -fomit-frame-pointer -march=armv8-a -fPIC -c -g -DANDROID -I/home/kokox/.buildozer/android/platform/android-ndk-r28c/toolchains/llvm/prebuilt/linux-x86_64/sysroot/usr/include -I/home/kokox/AppTaller-Rework/.buildozer/android/platform/build-arm64-v8a_armeabi-v7a/build/other_builds/python3/arm64-v8a__ndk_target_24/python3/android-build/android-root/include/python3.14 conftest.c >&5
configure:3663: $? = 0
configure:3710: result: yes
configure:3730: checking for /usr/bin/ccache /home/kokox/.buildozer/android/platform/android-ndk-r28c/toolchains/llvm/prebuilt/linux-x86_64/bin/clang -target aarch64-linux-android24 -fomit-frame-pointer -march=armv8-a -fPIC option to enable C11 features
configure:3745: /usr/bin/ccache /home/kokox/.buildozer/android/platform/android-ndk-r28c/toolchains/llvm/prebuilt/linux-x86_64/bin/clang -target aarch64-linux-android24 -fomit-frame-pointer -march=armv8-a -fPIC  -c -target aarch64-linux-android24 -fomit-frame-pointer -march=armv8-a -fPIC -I/home/kokox/.buildozer/android/platform/android-ndk-r28c/toolchains/llvm/prebuilt/linux-x86_64/sysroot/usr/include -DANDROID -I/home/kokox/.buildozer/android/platform/android-ndk-r28c/toolchains/llvm/prebuilt/linux-x86_64/sysroot/usr/include -I/home/kokox/AppTaller-Rework/.buildozer/android/platform/build-arm64-v8a_armeabi-v7a/build/other_builds/python3/arm64-v8a__ndk_target_24/python3/android-build/android-root/include/python3.14 conftest.c >&5
configure:3745: $? = 0
configure:3764: result: none needed
configure:3887: checking how to run the C preprocessor
configure:3913: /usr/bin/ccache /home/kokox/.buildozer/android/platform/android-ndk-r28c/toolchains/llvm/prebuilt/linux-x86_64/bin/clang -target aarch64-linux-android24 -fomit-frame-pointer -march=armv8-a -fPIC -E -DANDROID -I/home/kokox/.buildozer/android/platform/android-ndk-r28c/toolchains/llvm/prebuilt/linux-x86_64/sysroot/usr/include -I/home/kokox/AppTaller-Rework/.buildozer/android/platform/build-arm64-v8a_armeabi-v7a/build/other_builds/python3/arm64-v8a__ndk_target_24/python3/android-build/android-root/include/python3.14 conftest.c
configure:3913: $? = 0
configure:3929: /usr/bin/ccache /home/kokox/.buildozer/android/platform/android-ndk-r28c/toolchains/llvm/prebuilt/linux-x86_64/bin/clang -target aarch64-linux-android24 -fomit-frame-pointer -march=armv8-a -fPIC -E -DANDROID -I/home/kokox/.buildozer/android/platform/android-ndk-r28c/toolchains/llvm/prebuilt/linux-x86_64/sysroot/usr/include -I/home/kokox/AppTaller-Rework/.buildozer/android/platform/build-arm64-v8a_armeabi-v7a/build/other_builds/python3/arm64-v8a__ndk_target_24/python3/android-build/android-root/include/python3.14 conftest.c
conftest.c:9:10: fatal error: 'ac_nonexistent.h' file not found
    9 | #include <ac_nonexistent.h>
      |          ^~~~~~~~~~~~~~~~~~
1 error generated.
configure:3929: $? = 1
configure: failed program was:
| /* confdefs.h */
| #define PACKAGE_NAME "FreeType"
| #define PACKAGE_TARNAME "freetype"
| #define PACKAGE_VERSION "2.14.1"
| #define PACKAGE_STRING "FreeType 2.14.1"
| #define PACKAGE_BUGREPORT "freetype@nongnu.org"
| #define PACKAGE_URL ""
| /* end confdefs.h.  */
| #include <ac_nonexistent.h>
configure:3958: result: /usr/bin/ccache /home/kokox/.buildozer/android/platform/android-ndk-r28c/toolchains/llvm/prebuilt/linux-x86_64/bin/clang -target aarch64-linux-android24 -fomit-frame-pointer -march=armv8-a -fPIC -E
configure:3972: /usr/bin/ccache /home/kokox/.buildozer/android/platform/android-ndk-r28c/toolchains/llvm/prebuilt/linux-x86_64/bin/clang -target aarch64-linux-android24 -fomit-frame-pointer -march=armv8-a -fPIC -E -DANDROID -I/home/kokox/.buildozer/android/platform/android-ndk-r28c/toolchains/llvm/prebuilt/linux-x86_64/sysroot/usr/include -I/home/kokox/AppTaller-Rework/.buildozer/android/platform/build-arm64-v8a_armeabi-v7a/build/other_builds/python3/arm64-v8a__ndk_target_24/python3/android-build/android-root/include/python3.14 conftest.c
configure:3972: $? = 0
configure:3988: /usr/bin/ccache /home/kokox/.buildozer/android/platform/android-ndk-r28c/toolchains/llvm/prebuilt/linux-x86_64/bin/clang -target aarch64-linux-android24 -fomit-frame-pointer -march=armv8-a -fPIC -E -DANDROID -I/home/kokox/.buildozer/android/platform/android-ndk-r28c/toolchains/llvm/prebuilt/linux-x86_64/sysroot/usr/include -I/home/kokox/AppTaller-Rework/.buildozer/android/platform/build-arm64-v8a_armeabi-v7a/build/other_builds/python3/arm64-v8a__ndk_target_24/python3/android-build/android-root/include/python3.14 conftest.c
conftest.c:9:10: fatal error: 'ac_nonexistent.h' file not found
    9 | #include <ac_nonexistent.h>
      |          ^~~~~~~~~~~~~~~~~~
1 error generated.
configure:3988: $? = 1
configure: failed program was:
| /* confdefs.h */
| #define PACKAGE_NAME "FreeType"
| #define PACKAGE_TARNAME "freetype"
| #define PACKAGE_VERSION "2.14.1"
| #define PACKAGE_STRING "FreeType 2.14.1"
| #define PACKAGE_BUGREPORT "freetype@nongnu.org"
| #define PACKAGE_URL ""
| /* end confdefs.h.  */
| #include <ac_nonexistent.h>
configure:4033: checking for aarch64-linux-android-pkg-config
configure:4072: result: no
configure:4082: checking for pkg-config
configure:4105: found /usr/bin/pkg-config
configure:4118: result: /usr/bin/pkg-config
configure:4130: WARNING: using cross tools not prefixed with host triplet
configure:4143: checking pkg-config is at least version 0.24
configure:4146: result: yes
configure:4203: checking how to print strings
configure:4230: result: printf
configure:4251: checking for a sed that does not truncate output
configure:4323: result: /usr/bin/sed
configure:4341: checking for grep that handles long lines and -e
configure:4407: result: /usr/bin/grep
configure:4412: checking for egrep
configure:4482: result: /usr/bin/grep -E
configure:4489: checking for fgrep
configure:4559: result: /usr/bin/grep -F
configure:4596: checking for ld used by /usr/bin/ccache /home/kokox/.buildozer/android/platform/android-ndk-r28c/toolchains/llvm/prebuilt/linux-x86_64/bin/clang -target aarch64-linux-android24 -fomit-frame-pointer -march=armv8-a -fPIC
configure:4665: result: /home/kokox/.buildozer/android/platform/android-ndk-r28c/toolchains/llvm/prebuilt/linux-x86_64/bin/ld
configure:4672: checking if the linker (/home/kokox/.buildozer/android/platform/android-ndk-r28c/toolchains/llvm/prebuilt/linux-x86_64/bin/ld) is GNU ld
configure:4689: result: yes
configure:4701: checking for BSD- or MS-compatible name lister (nm)
configure:4757: result: no
configure:4771: checking for aarch64-linux-android-dumpbin
configure:4807: result: no
configure:4771: checking for aarch64-linux-android-link
configure:4807: result: no
configure:4821: checking for dumpbin
configure:4857: result: no
configure:4821: checking for link
configure:4842: found /usr/bin/link
configure:4854: result: link -dump
configure:4899: checking the name lister (nm) interface
configure:4907: /usr/bin/ccache /home/kokox/.buildozer/android/platform/android-ndk-r28c/toolchains/llvm/prebuilt/linux-x86_64/bin/clang -target aarch64-linux-android24 -fomit-frame-pointer -march=armv8-a -fPIC -c -target aarch64-linux-android24 -fomit-frame-pointer -march=armv8-a -fPIC -I/home/kokox/.buildozer/android/platform/android-ndk-r28c/toolchains/llvm/prebuilt/linux-x86_64/sysroot/usr/include -DANDROID -I/home/kokox/.buildozer/android/platform/android-ndk-r28c/toolchains/llvm/prebuilt/linux-x86_64/sysroot/usr/include -I/home/kokox/AppTaller-Rework/.buildozer/android/platform/build-arm64-v8a_armeabi-v7a/build/other_builds/python3/arm64-v8a__ndk_target_24/python3/android-build/android-root/include/python3.14 conftest.c >&5
configure:4910: nm "conftest.o"
configure:4913: output
0000000000000000 b $d.0
0000000000000000 n $d.1
0000000000000000 B some_variable
configure:4921: result: BSD nm
configure:4924: checking whether ln -s works
configure:4928: result: yes
configure:4936: checking the maximum length of command line arguments
configure:5069: result: 1572864
configure:5117: checking how to convert x86_64-pc-linux-android file names to aarch64-unknown-linux-android format
configure:5159: result: func_convert_file_noop
configure:5166: checking how to convert x86_64-pc-linux-android file names to toolchain format
configure:5188: result: func_convert_file_noop
configure:5195: checking for /home/kokox/.buildozer/android/platform/android-ndk-r28c/toolchains/llvm/prebuilt/linux-x86_64/bin/ld option to reload object files
configure:5204: result: -r
configure:5237: checking for file
configure:5258: found /usr/bin/file
configure:5271: result: file
configure:5288: checking for aarch64-linux-android-objdump
configure:5324: result: no
configure:5334: checking for objdump
configure:5355: found /usr/bin/objdump
configure:5367: result: objdump
configure:5396: checking how to recognize dependent libraries
configure:5605: result: pass_all
configure:5650: checking for aarch64-linux-android-dlltool
configure:5686: result: no
configure:5696: checking for dlltool
configure:5732: result: no
configure:5759: checking how to associate runtime and link libraries
configure:5788: result: printf %s\n
configure:5803: checking for aarch64-linux-android-ranlib
configure:5836: result: /home/kokox/.buildozer/android/platform/android-ndk-r28c/toolchains/llvm/prebuilt/linux-x86_64/bin/llvm-ranlib
configure:5909: checking for aarch64-linux-android-ar
configure:5942: result: /home/kokox/.buildozer/android/platform/android-ndk-r28c/toolchains/llvm/prebuilt/linux-x86_64/bin/llvm-ar
configure:6045: checking for archiver @FILE support
configure:6063: /usr/bin/ccache /home/kokox/.buildozer/android/platform/android-ndk-r28c/toolchains/llvm/prebuilt/linux-x86_64/bin/clang -target aarch64-linux-android24 -fomit-frame-pointer -march=armv8-a -fPIC -c -target aarch64-linux-android24 -fomit-frame-pointer -march=armv8-a -fPIC -I/home/kokox/.buildozer/android/platform/android-ndk-r28c/toolchains/llvm/prebuilt/linux-x86_64/sysroot/usr/include -DANDROID -I/home/kokox/.buildozer/android/platform/android-ndk-r28c/toolchains/llvm/prebuilt/linux-x86_64/sysroot/usr/include -I/home/kokox/AppTaller-Rework/.buildozer/android/platform/build-arm64-v8a_armeabi-v7a/build/other_builds/python3/arm64-v8a__ndk_target_24/python3/android-build/android-root/include/python3.14 conftest.c >&5
configure:6063: $? = 0
configure:6067: /home/kokox/.buildozer/android/platform/android-ndk-r28c/toolchains/llvm/prebuilt/linux-x86_64/bin/llvm-ar cr libconftest.a @conftest.lst >&5
configure:6070: $? = 0
configure:6075: /home/kokox/.buildozer/android/platform/android-ndk-r28c/toolchains/llvm/prebuilt/linux-x86_64/bin/llvm-ar cr libconftest.a @conftest.lst >&5
/home/kokox/.buildozer/android/platform/android-ndk-r28c/toolchains/llvm/prebuilt/linux-x86_64/bin/llvm-ar: error: conftest.o: No such file or directory
configure:6078: $? = 1
configure:6091: result: @
configure:6109: checking for aarch64-linux-android-strip
configure:6142: result: /home/kokox/.buildozer/android/platform/android-ndk-r28c/toolchains/llvm/prebuilt/linux-x86_64/bin/llvm-strip --strip-unneeded
configure:6266: checking for gawk
configure:6287: found /usr/bin/gawk
configure:6299: result: gawk
configure:6339: checking command to parse nm output from /usr/bin/ccache /home/kokox/.buildozer/android/platform/android-ndk-r28c/toolchains/llvm/prebuilt/linux-x86_64/bin/clang -target aarch64-linux-android24 -fomit-frame-pointer -march=armv8-a -fPIC object
configure:6493: /usr/bin/ccache /home/kokox/.buildozer/android/platform/android-ndk-r28c/toolchains/llvm/prebuilt/linux-x86_64/bin/clang -target aarch64-linux-android24 -fomit-frame-pointer -march=armv8-a -fPIC -c -target aarch64-linux-android24 -fomit-frame-pointer -march=armv8-a -fPIC -I/home/kokox/.buildozer/android/platform/android-ndk-r28c/toolchains/llvm/prebuilt/linux-x86_64/sysroot/usr/include -DANDROID -I/home/kokox/.buildozer/android/platform/android-ndk-r28c/toolchains/llvm/prebuilt/linux-x86_64/sysroot/usr/include -I/home/kokox/AppTaller-Rework/.buildozer/android/platform/build-arm64-v8a_armeabi-v7a/build/other_builds/python3/arm64-v8a__ndk_target_24/python3/android-build/android-root/include/python3.14 conftest.c >&5
configure:6496: $? = 0
configure:6500: nm conftest.o | /usr/bin/sed -n -e 's/^.*[	 ]\([ABCDGIRSTW][ABCDGIRSTW]*\)[	 ][	 ]*\([_A-Za-z][_A-Za-z0-9]*\)$/\1 \2 \2/p' | /usr/bin/sed '/ __gnu_lto/d' > conftest.nm
configure:6566: /usr/bin/ccache /home/kokox/.buildozer/android/platform/android-ndk-r28c/toolchains/llvm/prebuilt/linux-x86_64/bin/clang -target aarch64-linux-android24 -fomit-frame-pointer -march=armv8-a -fPIC -o conftest -target aarch64-linux-android24 -fomit-frame-pointer -march=armv8-a -fPIC -I/home/kokox/.buildozer/android/platform/android-ndk-r28c/toolchains/llvm/prebuilt/linux-x86_64/sysroot/usr/include -DANDROID -I/home/kokox/.buildozer/android/platform/android-ndk-r28c/toolchains/llvm/prebuilt/linux-x86_64/sysroot/usr/include -I/home/kokox/AppTaller-Rework/.buildozer/android/platform/build-arm64-v8a_armeabi-v7a/build/other_builds/python3/arm64-v8a__ndk_target_24/python3/android-build/android-root/include/python3.14   -L/home/kokox/AppTaller-Rework/.buildozer/android/platform/build-arm64-v8a_armeabi-v7a/build/libs_collections/outfitai/arm64-v8a -L/home/kokox/.buildozer/android/platform/android-ndk-r28c/toolchains/llvm/prebuilt/linux-x86_64/sysroot/usr/lib/aarch64-linux-android/24 conftest.c conftstm.o >&5
configure:6569: $? = 0
configure:6608: result: ok
configure:6655: checking for sysroot
configure:6689: result: no
configure:6696: checking for a working dd
configure:6741: result: /usr/bin/dd
configure:6745: checking how to truncate binary pipes
configure:6762: result: /usr/bin/dd bs=4096 count=1
configure:7056: checking for aarch64-linux-android-mt
configure:7092: result: no
configure:7102: checking for mt
configure:7138: result: no
configure:7158: checking if : is a manifest tool
configure:7165: : '-?'
configure:7174: result: no
configure:7971: checking for stdio.h
configure:7971: /usr/bin/ccache /home/kokox/.buildozer/android/platform/android-ndk-r28c/toolchains/llvm/prebuilt/linux-x86_64/bin/clang -target aarch64-linux-android24 -fomit-frame-pointer -march=armv8-a -fPIC -c -target aarch64-linux-android24 -fomit-frame-pointer -march=armv8-a -fPIC -I/home/kokox/.buildozer/android/platform/android-ndk-r28c/toolchains/llvm/prebuilt/linux-x86_64/sysroot/usr/include -DANDROID -I/home/kokox/.buildozer/android/platform/android-ndk-r28c/toolchains/llvm/prebuilt/linux-x86_64/sysroot/usr/include -I/home/kokox/AppTaller-Rework/.buildozer/android/platform/build-arm64-v8a_armeabi-v7a/build/other_builds/python3/arm64-v8a__ndk_target_24/python3/android-build/android-root/include/python3.14 conftest.c >&5
configure:7971: $? = 0
configure:7971: result: yes
configure:7971: checking for stdlib.h
configure:7971: /usr/bin/ccache /home/kokox/.buildozer/android/platform/android-ndk-r28c/toolchains/llvm/prebuilt/linux-x86_64/bin/clang -target aarch64-linux-android24 -fomit-frame-pointer -march=armv8-a -fPIC -c -target aarch64-linux-android24 -fomit-frame-pointer -march=armv8-a -fPIC -I/home/kokox/.buildozer/android/platform/android-ndk-r28c/toolchains/llvm/prebuilt/linux-x86_64/sysroot/usr/include -DANDROID -I/home/kokox/.buildozer/android/platform/android-ndk-r28c/toolchains/llvm/prebuilt/linux-x86_64/sysroot/usr/include -I/home/kokox/AppTaller-Rework/.buildozer/android/platform/build-arm64-v8a_armeabi-v7a/build/other_builds/python3/arm64-v8a__ndk_target_24/python3/android-build/android-root/include/python3.14 conftest.c >&5
configure:7971: $? = 0
configure:7971: result: yes
configure:7971: checking for string.h
configure:7971: /usr/bin/ccache /home/kokox/.buildozer/android/platform/android-ndk-r28c/toolchains/llvm/prebuilt/linux-x86_64/bin/clang -target aarch64-linux-android24 -fomit-frame-pointer -march=armv8-a -fPIC -c -target aarch64-linux-android24 -fomit-frame-pointer -march=armv8-a -fPIC -I/home/kokox/.buildozer/android/platform/android-ndk-r28c/toolchains/llvm/prebuilt/linux-x86_64/sysroot/usr/include -DANDROID -I/home/kokox/.buildozer/android/platform/android-ndk-r28c/toolchains/llvm/prebuilt/linux-x86_64/sysroot/usr/include -I/home/kokox/AppTaller-Rework/.buildozer/android/platform/build-arm64-v8a_armeabi-v7a/build/other_builds/python3/arm64-v8a__ndk_target_24/python3/android-build/android-root/include/python3.14 conftest.c >&5
configure:7971: $? = 0
configure:7971: result: yes
configure:7971: checking for inttypes.h
configure:7971: /usr/bin/ccache /home/kokox/.buildozer/android/platform/android-ndk-r28c/toolchains/llvm/prebuilt/linux-x86_64/bin/clang -target aarch64-linux-android24 -fomit-frame-pointer -march=armv8-a -fPIC -c -target aarch64-linux-android24 -fomit-frame-pointer -march=armv8-a -fPIC -I/home/kokox/.buildozer/android/platform/android-ndk-r28c/toolchains/llvm/prebuilt/linux-x86_64/sysroot/usr/include -DANDROID -I/home/kokox/.buildozer/android/platform/android-ndk-r28c/toolchains/llvm/prebuilt/linux-x86_64/sysroot/usr/include -I/home/kokox/AppTaller-Rework/.buildozer/android/platform/build-arm64-v8a_armeabi-v7a/build/other_builds/python3/arm64-v8a__ndk_target_24/python3/android-build/android-root/include/python3.14 conftest.c >&5
configure:7971: $? = 0
configure:7971: result: yes
configure:7971: checking for stdint.h
configure:7971: /usr/bin/ccache /home/kokox/.buildozer/android/platform/android-ndk-r28c/toolchains/llvm/prebuilt/linux-x86_64/bin/clang -target aarch64-linux-android24 -fomit-frame-pointer -march=armv8-a -fPIC -c -target aarch64-linux-android24 -fomit-frame-pointer -march=armv8-a -fPIC -I/home/kokox/.buildozer/android/platform/android-ndk-r28c/toolchains/llvm/prebuilt/linux-x86_64/sysroot/usr/include -DANDROID -I/home/kokox/.buildozer/android/platform/android-ndk-r28c/toolchains/llvm/prebuilt/linux-x86_64/sysroot/usr/include -I/home/kokox/AppTaller-Rework/.buildozer/android/platform/build-arm64-v8a_armeabi-v7a/build/other_builds/python3/arm64-v8a__ndk_target_24/python3/android-build/android-root/include/python3.14 conftest.c >&5
configure:7971: $? = 0
configure:7971: result: yes
configure:7971: checking for strings.h
configure:7971: /usr/bin/ccache /home/kokox/.buildozer/android/platform/android-ndk-r28c/toolchains/llvm/prebuilt/linux-x86_64/bin/clang -target aarch64-linux-android24 -fomit-frame-pointer -march=armv8-a -fPIC -c -target aarch64-linux-android24 -fomit-frame-pointer -march=armv8-a -fPIC -I/home/kokox/.buildozer/android/platform/android-ndk-r28c/toolchains/llvm/prebuilt/linux-x86_64/sysroot/usr/include -DANDROID -I/home/kokox/.buildozer/android/platform/android-ndk-r28c/toolchains/llvm/prebuilt/linux-x86_64/sysroot/usr/include -I/home/kokox/AppTaller-Rework/.buildozer/android/platform/build-arm64-v8a_armeabi-v7a/build/other_builds/python3/arm64-v8a__ndk_target_24/python3/android-build/android-root/include/python3.14 conftest.c >&5
configure:7971: $? = 0
configure:7971: result: yes
configure:7971: checking for sys/stat.h
configure:7971: /usr/bin/ccache /home/kokox/.buildozer/android/platform/android-ndk-r28c/toolchains/llvm/prebuilt/linux-x86_64/bin/clang -target aarch64-linux-android24 -fomit-frame-pointer -march=armv8-a -fPIC -c -target aarch64-linux-android24 -fomit-frame-pointer -march=armv8-a -fPIC -I/home/kokox/.buildozer/android/platform/android-ndk-r28c/toolchains/llvm/prebuilt/linux-x86_64/sysroot/usr/include -DANDROID -I/home/kokox/.buildozer/android/platform/android-ndk-r28c/toolchains/llvm/prebuilt/linux-x86_64/sysroot/usr/include -I/home/kokox/AppTaller-Rework/.buildozer/android/platform/build-arm64-v8a_armeabi-v7a/build/other_builds/python3/arm64-v8a__ndk_target_24/python3/android-build/android-root/include/python3.14 conftest.c >&5
configure:7971: $? = 0
configure:7971: result: yes
configure:7971: checking for sys/types.h
configure:7971: /usr/bin/ccache /home/kokox/.buildozer/android/platform/android-ndk-r28c/toolchains/llvm/prebuilt/linux-x86_64/bin/clang -target aarch64-linux-android24 -fomit-frame-pointer -march=armv8-a -fPIC -c -target aarch64-linux-android24 -fomit-frame-pointer -march=armv8-a -fPIC -I/home/kokox/.buildozer/android/platform/android-ndk-r28c/toolchains/llvm/prebuilt/linux-x86_64/sysroot/usr/include -DANDROID -I/home/kokox/.buildozer/android/platform/android-ndk-r28c/toolchains/llvm/prebuilt/linux-x86_64/sysroot/usr/include -I/home/kokox/AppTaller-Rework/.buildozer/android/platform/build-arm64-v8a_armeabi-v7a/build/other_builds/python3/arm64-v8a__ndk_target_24/python3/android-build/android-root/include/python3.14 conftest.c >&5
configure:7971: $? = 0
configure:7971: result: yes
configure:7971: checking for unistd.h
configure:7971: /usr/bin/ccache /home/kokox/.buildozer/android/platform/android-ndk-r28c/toolchains/llvm/prebuilt/linux-x86_64/bin/clang -target aarch64-linux-android24 -fomit-frame-pointer -march=armv8-a -fPIC -c -target aarch64-linux-android24 -fomit-frame-pointer -march=armv8-a -fPIC -I/home/kokox/.buildozer/android/platform/android-ndk-r28c/toolchains/llvm/prebuilt/linux-x86_64/sysroot/usr/include -DANDROID -I/home/kokox/.buildozer/android/platform/android-ndk-r28c/toolchains/llvm/prebuilt/linux-x86_64/sysroot/usr/include -I/home/kokox/AppTaller-Rework/.buildozer/android/platform/build-arm64-v8a_armeabi-v7a/build/other_builds/python3/arm64-v8a__ndk_target_24/python3/android-build/android-root/include/python3.14 conftest.c >&5
configure:7971: $? = 0
configure:7971: result: yes
configure:7971: checking for sys/param.h
configure:7971: /usr/bin/ccache /home/kokox/.buildozer/android/platform/android-ndk-r28c/toolchains/llvm/prebuilt/linux-x86_64/bin/clang -target aarch64-linux-android24 -fomit-frame-pointer -march=armv8-a -fPIC -c -target aarch64-linux-android24 -fomit-frame-pointer -march=armv8-a -fPIC -I/home/kokox/.buildozer/android/platform/android-ndk-r28c/toolchains/llvm/prebuilt/linux-x86_64/sysroot/usr/include -DANDROID -I/home/kokox/.buildozer/android/platform/android-ndk-r28c/toolchains/llvm/prebuilt/linux-x86_64/sysroot/usr/include -I/home/kokox/AppTaller-Rework/.buildozer/android/platform/build-arm64-v8a_armeabi-v7a/build/other_builds/python3/arm64-v8a__ndk_target_24/python3/android-build/android-root/include/python3.14 conftest.c >&5
configure:7971: $? = 0
configure:7971: result: yes
configure:7996: checking for dlfcn.h
configure:7996: /usr/bin/ccache /home/kokox/.buildozer/android/platform/android-ndk-r28c/toolchains/llvm/prebuilt/linux-x86_64/bin/clang -target aarch64-linux-android24 -fomit-frame-pointer -march=armv8-a -fPIC -c -target aarch64-linux-android24 -fomit-frame-pointer -march=armv8-a -fPIC -I/home/kokox/.buildozer/android/platform/android-ndk-r28c/toolchains/llvm/prebuilt/linux-x86_64/sysroot/usr/include -DANDROID -I/home/kokox/.buildozer/android/platform/android-ndk-r28c/toolchains/llvm/prebuilt/linux-x86_64/sysroot/usr/include -I/home/kokox/AppTaller-Rework/.buildozer/android/platform/build-arm64-v8a_armeabi-v7a/build/other_builds/python3/arm64-v8a__ndk_target_24/python3/android-build/android-root/include/python3.14 conftest.c >&5
configure:7996: $? = 0
configure:7996: result: yes
configure:8633: checking for objdir
configure:8650: result: .libs
configure:8912: checking if /usr/bin/ccache /home/kokox/.buildozer/android/platform/android-ndk-r28c/toolchains/llvm/prebuilt/linux-x86_64/bin/clang -target aarch64-linux-android24 -fomit-frame-pointer -march=armv8-a -fPIC supports -fno-rtti -fno-exceptions
configure:8931: /usr/bin/ccache /home/kokox/.buildozer/android/platform/android-ndk-r28c/toolchains/llvm/prebuilt/linux-x86_64/bin/clang -target aarch64-linux-android24 -fomit-frame-pointer -march=armv8-a -fPIC -c -target aarch64-linux-android24 -fomit-frame-pointer -march=armv8-a -fPIC -I/home/kokox/.buildozer/android/platform/android-ndk-r28c/toolchains/llvm/prebuilt/linux-x86_64/sysroot/usr/include -DANDROID -I/home/kokox/.buildozer/android/platform/android-ndk-r28c/toolchains/llvm/prebuilt/linux-x86_64/sysroot/usr/include -I/home/kokox/AppTaller-Rework/.buildozer/android/platform/build-arm64-v8a_armeabi-v7a/build/other_builds/python3/arm64-v8a__ndk_target_24/python3/android-build/android-root/include/python3.14 -fno-rtti -fno-exceptions conftest.c >&5
configure:8935: $? = 0
configure:8949: result: yes
configure:9322: checking for /usr/bin/ccache /home/kokox/.buildozer/android/platform/android-ndk-r28c/toolchains/llvm/prebuilt/linux-x86_64/bin/clang -target aarch64-linux-android24 -fomit-frame-pointer -march=armv8-a -fPIC option to produce PIC
configure:9331: result: -fPIC -DPIC
configure:9339: checking if /usr/bin/ccache /home/kokox/.buildozer/android/platform/android-ndk-r28c/toolchains/llvm/prebuilt/linux-x86_64/bin/clang -target aarch64-linux-android24 -fomit-frame-pointer -march=armv8-a -fPIC PIC flag -fPIC -DPIC works
configure:9358: /usr/bin/ccache /home/kokox/.buildozer/android/platform/android-ndk-r28c/toolchains/llvm/prebuilt/linux-x86_64/bin/clang -target aarch64-linux-android24 -fomit-frame-pointer -march=armv8-a -fPIC -c -target aarch64-linux-android24 -fomit-frame-pointer -march=armv8-a -fPIC -I/home/kokox/.buildozer/android/platform/android-ndk-r28c/toolchains/llvm/prebuilt/linux-x86_64/sysroot/usr/include -DANDROID -I/home/kokox/.buildozer/android/platform/android-ndk-r28c/toolchains/llvm/prebuilt/linux-x86_64/sysroot/usr/include -I/home/kokox/AppTaller-Rework/.buildozer/android/platform/build-arm64-v8a_armeabi-v7a/build/other_builds/python3/arm64-v8a__ndk_target_24/python3/android-build/android-root/include/python3.14 -fPIC -DPIC -DPIC conftest.c >&5
configure:9362: $? = 0
configure:9376: result: yes
configure:9405: checking if /usr/bin/ccache /home/kokox/.buildozer/android/platform/android-ndk-r28c/toolchains/llvm/prebuilt/linux-x86_64/bin/clang -target aarch64-linux-android24 -fomit-frame-pointer -march=armv8-a -fPIC static flag -static works
configure:9435: result: yes
configure:9450: checking if /usr/bin/ccache /home/kokox/.buildozer/android/platform/android-ndk-r28c/toolchains/llvm/prebuilt/linux-x86_64/bin/clang -target aarch64-linux-android24 -fomit-frame-pointer -march=armv8-a -fPIC supports -c -o file.o
configure:9472: /usr/bin/ccache /home/kokox/.buildozer/android/platform/android-ndk-r28c/toolchains/llvm/prebuilt/linux-x86_64/bin/clang -target aarch64-linux-android24 -fomit-frame-pointer -march=armv8-a -fPIC -c -target aarch64-linux-android24 -fomit-frame-pointer -march=armv8-a -fPIC -I/home/kokox/.buildozer/android/platform/android-ndk-r28c/toolchains/llvm/prebuilt/linux-x86_64/sysroot/usr/include -DANDROID -I/home/kokox/.buildozer/android/platform/android-ndk-r28c/toolchains/llvm/prebuilt/linux-x86_64/sysroot/usr/include -I/home/kokox/AppTaller-Rework/.buildozer/android/platform/build-arm64-v8a_armeabi-v7a/build/other_builds/python3/arm64-v8a__ndk_target_24/python3/android-build/android-root/include/python3.14 -o out/conftest2.o conftest.c >&5
configure:9476: $? = 0
configure:9499: result: yes
configure:9507: checking if /usr/bin/ccache /home/kokox/.buildozer/android/platform/android-ndk-r28c/toolchains/llvm/prebuilt/linux-x86_64/bin/clang -target aarch64-linux-android24 -fomit-frame-pointer -march=armv8-a -fPIC supports -c -o file.o
configure:9556: result: yes
configure:9589: checking whether the /usr/bin/ccache /home/kokox/.buildozer/android/platform/android-ndk-r28c/toolchains/llvm/prebuilt/linux-x86_64/bin/clang -target aarch64-linux-android24 -fomit-frame-pointer -march=armv8-a -fPIC linker (/home/kokox/.buildozer/android/platform/android-ndk-r28c/toolchains/llvm/prebuilt/linux-x86_64/bin/ld) supports shared libraries
configure:10873: result: yes
configure:10910: checking whether -lc should be explicitly linked in
configure:10919: /usr/bin/ccache /home/kokox/.buildozer/android/platform/android-ndk-r28c/toolchains/llvm/prebuilt/linux-x86_64/bin/clang -target aarch64-linux-android24 -fomit-frame-pointer -march=armv8-a -fPIC -c -target aarch64-linux-android24 -fomit-frame-pointer -march=armv8-a -fPIC -I/home/kokox/.buildozer/android/platform/android-ndk-r28c/toolchains/llvm/prebuilt/linux-x86_64/sysroot/usr/include -DANDROID -I/home/kokox/.buildozer/android/platform/android-ndk-r28c/toolchains/llvm/prebuilt/linux-x86_64/sysroot/usr/include -I/home/kokox/AppTaller-Rework/.buildozer/android/platform/build-arm64-v8a_armeabi-v7a/build/other_builds/python3/arm64-v8a__ndk_target_24/python3/android-build/android-root/include/python3.14 conftest.c >&5
configure:10922: $? = 0
configure:10937: /usr/bin/ccache /home/kokox/.buildozer/android/platform/android-ndk-r28c/toolchains/llvm/prebuilt/linux-x86_64/bin/clang -target aarch64-linux-android24 -fomit-frame-pointer -march=armv8-a -fPIC -shared  -fPIC -DPIC conftest.o  -v -Wl,-soname -Wl,conftest -o conftest 2\>\&1 \| /usr/bin/grep  -lc  \>/dev/null 2\>\&1
configure:10940: $? = 0
configure:10955: result: no
configure:11115: checking dynamic linker characteristics
configure:12499: result: Android linker
configure:12621: checking how to hardcode library paths into programs
configure:12646: result: immediate
configure:13246: checking whether stripping libraries is possible
configure:13255: result: yes
configure:13297: checking if libtool supports shared libraries
configure:13299: result: yes
configure:13302: checking whether to build shared libraries
configure:13327: result: yes
configure:13330: checking whether to build static libraries
configure:13334: result: no
configure:13371: checking for windows.h
configure:13371: /usr/bin/ccache /home/kokox/.buildozer/android/platform/android-ndk-r28c/toolchains/llvm/prebuilt/linux-x86_64/bin/clang -target aarch64-linux-android24 -fomit-frame-pointer -march=armv8-a -fPIC -c -target aarch64-linux-android24 -fomit-frame-pointer -march=armv8-a -fPIC -I/home/kokox/.buildozer/android/platform/android-ndk-r28c/toolchains/llvm/prebuilt/linux-x86_64/sysroot/usr/include -DANDROID -I/home/kokox/.buildozer/android/platform/android-ndk-r28c/toolchains/llvm/prebuilt/linux-x86_64/sysroot/usr/include -I/home/kokox/AppTaller-Rework/.buildozer/android/platform/build-arm64-v8a_armeabi-v7a/build/other_builds/python3/arm64-v8a__ndk_target_24/python3/android-build/android-root/include/python3.14 conftest.c >&5
conftest.c:50:10: fatal error: 'windows.h' file not found
   50 | #include <windows.h>
      |          ^~~~~~~~~~~
1 error generated.
configure:13371: $? = 1
configure: failed program was:
| /* confdefs.h */
| #define PACKAGE_NAME "FreeType"
| #define PACKAGE_TARNAME "freetype"
| #define PACKAGE_VERSION "2.14.1"
| #define PACKAGE_STRING "FreeType 2.14.1"
| #define PACKAGE_BUGREPORT "freetype@nongnu.org"
| #define PACKAGE_URL ""
| #define HAVE_STDIO_H 1
| #define HAVE_STDLIB_H 1
| #define HAVE_STRING_H 1
| #define HAVE_INTTYPES_H 1
| #define HAVE_STDINT_H 1
| #define HAVE_STRINGS_H 1
| #define HAVE_SYS_STAT_H 1
| #define HAVE_SYS_TYPES_H 1
| #define HAVE_UNISTD_H 1
| #define HAVE_SYS_PARAM_H 1
| #define STDC_HEADERS 1
| #define HAVE_DLFCN_H 1
| #define LT_OBJDIR ".libs/"
| /* end confdefs.h.  */
| #include <stddef.h>
| #ifdef HAVE_STDIO_H
| # include <stdio.h>
| #endif
| #ifdef HAVE_STDLIB_H
| # include <stdlib.h>
| #endif
| #ifdef HAVE_STRING_H
| # include <string.h>
| #endif
| #ifdef HAVE_INTTYPES_H
| # include <inttypes.h>
| #endif
| #ifdef HAVE_STDINT_H
| # include <stdint.h>
| #endif
| #ifdef HAVE_STRINGS_H
| # include <strings.h>
| #endif
| #ifdef HAVE_SYS_TYPES_H
| # include <sys/types.h>
| #endif
| #ifdef HAVE_SYS_STAT_H
| # include <sys/stat.h>
| #endif
| #ifdef HAVE_UNISTD_H
| # include <unistd.h>
| #endif
| #include <windows.h>
configure:13371: result: no
configure:13564: checking for x86_64-pc-linux-android-gcc
configure:13600: result: no
configure:13607: checking for gcc
configure:13628: found /usr/bin/gcc
configure:13640: result: gcc
configure:13650: checking for gcc
configure:13700: result: gcc
configure:13710: checking for gcc
configure:13743: result: gcc
configure:13753: checking for suffix of native executables
configure:13767: result: 
configure:13804: checking for a BSD-compatible install
configure:13878: result: /usr/bin/install -c
configure:13898: checking for a race-free mkdir -p
configure:13941: result: /usr/bin/mkdir -p
configure:13955: checking for fcntl.h
configure:13955: /usr/bin/ccache /home/kokox/.buildozer/android/platform/android-ndk-r28c/toolchains/llvm/prebuilt/linux-x86_64/bin/clang -target aarch64-linux-android24 -fomit-frame-pointer -march=armv8-a -fPIC -c -target aarch64-linux-android24 -fomit-frame-pointer -march=armv8-a -fPIC -I/home/kokox/.buildozer/android/platform/android-ndk-r28c/toolchains/llvm/prebuilt/linux-x86_64/sysroot/usr/include -DANDROID -I/home/kokox/.buildozer/android/platform/android-ndk-r28c/toolchains/llvm/prebuilt/linux-x86_64/sysroot/usr/include -I/home/kokox/AppTaller-Rework/.buildozer/android/platform/build-arm64-v8a_armeabi-v7a/build/other_builds/python3/arm64-v8a__ndk_target_24/python3/android-build/android-root/include/python3.14 conftest.c >&5
configure:13955: $? = 0
configure:13955: result: yes
configure:13961: checking for unistd.h
configure:13961: result: yes
configure:13972: checking for an ANSI C-conforming const
configure:14039: /usr/bin/ccache /home/kokox/.buildozer/android/platform/android-ndk-r28c/toolchains/llvm/prebuilt/linux-x86_64/bin/clang -target aarch64-linux-android24 -fomit-frame-pointer -march=armv8-a -fPIC -c -target aarch64-linux-android24 -fomit-frame-pointer -march=armv8-a -fPIC -I/home/kokox/.buildozer/android/platform/android-ndk-r28c/toolchains/llvm/prebuilt/linux-x86_64/sysroot/usr/include -DANDROID -I/home/kokox/.buildozer/android/platform/android-ndk-r28c/toolchains/llvm/prebuilt/linux-x86_64/sysroot/usr/include -I/home/kokox/AppTaller-Rework/.buildozer/android/platform/build-arm64-v8a_armeabi-v7a/build/other_builds/python3/arm64-v8a__ndk_target_24/python3/android-build/android-root/include/python3.14 conftest.c >&5
configure:14039: $? = 0
configure:14049: result: yes
configure:14084: checking for /usr/bin/ccache /home/kokox/.buildozer/android/platform/android-ndk-r28c/toolchains/llvm/prebuilt/linux-x86_64/bin/clang -target aarch64-linux-android24 -fomit-frame-pointer -march=armv8-a -fPIC option to enable large file support
configure:14119: /usr/bin/ccache /home/kokox/.buildozer/android/platform/android-ndk-r28c/toolchains/llvm/prebuilt/linux-x86_64/bin/clang -target aarch64-linux-android24 -fomit-frame-pointer -march=armv8-a -fPIC -c -target aarch64-linux-android24 -fomit-frame-pointer -march=armv8-a -fPIC -I/home/kokox/.buildozer/android/platform/android-ndk-r28c/toolchains/llvm/prebuilt/linux-x86_64/sysroot/usr/include -DANDROID -I/home/kokox/.buildozer/android/platform/android-ndk-r28c/toolchains/llvm/prebuilt/linux-x86_64/sysroot/usr/include -I/home/kokox/AppTaller-Rework/.buildozer/android/platform/build-arm64-v8a_armeabi-v7a/build/other_builds/python3/arm64-v8a__ndk_target_24/python3/android-build/android-root/include/python3.14 conftest.c >&5
configure:14119: $? = 0
configure:14125: /usr/bin/ccache /home/kokox/.buildozer/android/platform/android-ndk-r28c/toolchains/llvm/prebuilt/linux-x86_64/bin/clang -target aarch64-linux-android24 -fomit-frame-pointer -march=armv8-a -fPIC -DFTYPE=ino_t -c -target aarch64-linux-android24 -fomit-frame-pointer -march=armv8-a -fPIC -I/home/kokox/.buildozer/android/platform/android-ndk-r28c/toolchains/llvm/prebuilt/linux-x86_64/sysroot/usr/include -DANDROID -I/home/kokox/.buildozer/android/platform/android-ndk-r28c/toolchains/llvm/prebuilt/linux-x86_64/sysroot/usr/include -I/home/kokox/AppTaller-Rework/.buildozer/android/platform/build-arm64-v8a_armeabi-v7a/build/other_builds/python3/arm64-v8a__ndk_target_24/python3/android-build/android-root/include/python3.14 conftest.c >&5
configure:14125: $? = 0
configure:14150: result: none needed
configure:14282: checking for getpagesize
configure:14282: /usr/bin/ccache /home/kokox/.buildozer/android/platform/android-ndk-r28c/toolchains/llvm/prebuilt/linux-x86_64/bin/clang -target aarch64-linux-android24 -fomit-frame-pointer -march=armv8-a -fPIC -o conftest -target aarch64-linux-android24 -fomit-frame-pointer -march=armv8-a -fPIC -I/home/kokox/.buildozer/android/platform/android-ndk-r28c/toolchains/llvm/prebuilt/linux-x86_64/sysroot/usr/include -DANDROID -I/home/kokox/.buildozer/android/platform/android-ndk-r28c/toolchains/llvm/prebuilt/linux-x86_64/sysroot/usr/include -I/home/kokox/AppTaller-Rework/.buildozer/android/platform/build-arm64-v8a_armeabi-v7a/build/other_builds/python3/arm64-v8a__ndk_target_24/python3/android-build/android-root/include/python3.14   -L/home/kokox/AppTaller-Rework/.buildozer/android/platform/build-arm64-v8a_armeabi-v7a/build/libs_collections/outfitai/arm64-v8a -L/home/kokox/.buildozer/android/platform/android-ndk-r28c/toolchains/llvm/prebuilt/linux-x86_64/sysroot/usr/lib/aarch64-linux-android/24 conftest.c  >&5
configure:14282: $? = 0
configure:14282: result: yes
configure:14293: checking for working mmap
configure:14457: result: yes
configure:14469: checking for /usr/bin/ccache /home/kokox/.buildozer/android/platform/android-ndk-r28c/toolchains/llvm/prebuilt/linux-x86_64/bin/clang -target aarch64-linux-android24 -fomit-frame-pointer -march=armv8-a -fPIC options needed to detect all undeclared functions
configure:14491: /usr/bin/ccache /home/kokox/.buildozer/android/platform/android-ndk-r28c/toolchains/llvm/prebuilt/linux-x86_64/bin/clang -target aarch64-linux-android24 -fomit-frame-pointer -march=armv8-a -fPIC -c -target aarch64-linux-android24 -fomit-frame-pointer -march=armv8-a -fPIC -I/home/kokox/.buildozer/android/platform/android-ndk-r28c/toolchains/llvm/prebuilt/linux-x86_64/sysroot/usr/include  -DANDROID -I/home/kokox/.buildozer/android/platform/android-ndk-r28c/toolchains/llvm/prebuilt/linux-x86_64/sysroot/usr/include -I/home/kokox/AppTaller-Rework/.buildozer/android/platform/build-arm64-v8a_armeabi-v7a/build/other_builds/python3/arm64-v8a__ndk_target_24/python3/android-build/android-root/include/python3.14 conftest.c >&5
conftest.c:30:8: error: call to undeclared library function 'strchr' with type 'char *(const char *, int)'; ISO C99 and later do not support implicit function declarations [-Wimplicit-function-declaration]
   30 | (void) strchr;
      |        ^
conftest.c:30:8: note: include the header <string.h> or explicitly provide a declaration for 'strchr'
1 error generated.
configure:14491: $? = 1
configure: failed program was:
| /* confdefs.h */
| #define PACKAGE_NAME "FreeType"
| #define PACKAGE_TARNAME "freetype"
| #define PACKAGE_VERSION "2.14.1"
| #define PACKAGE_STRING "FreeType 2.14.1"
| #define PACKAGE_BUGREPORT "freetype@nongnu.org"
| #define PACKAGE_URL ""
| #define HAVE_STDIO_H 1
| #define HAVE_STDLIB_H 1
| #define HAVE_STRING_H 1
| #define HAVE_INTTYPES_H 1
| #define HAVE_STDINT_H 1
| #define HAVE_STRINGS_H 1
| #define HAVE_SYS_STAT_H 1
| #define HAVE_SYS_TYPES_H 1
| #define HAVE_UNISTD_H 1
| #define HAVE_SYS_PARAM_H 1
| #define STDC_HEADERS 1
| #define HAVE_DLFCN_H 1
| #define LT_OBJDIR ".libs/"
| #define HAVE_FCNTL_H 1
| #define HAVE_UNISTD_H 1
| #define HAVE_GETPAGESIZE 1
| #define HAVE_MMAP 1
| /* end confdefs.h.  */
| 
| int
| main (void)
| {
| (void) strchr;
|   ;
|   return 0;
| }
configure:14518: /usr/bin/ccache /home/kokox/.buildozer/android/platform/android-ndk-r28c/toolchains/llvm/prebuilt/linux-x86_64/bin/clang -target aarch64-linux-android24 -fomit-frame-pointer -march=armv8-a -fPIC -c -target aarch64-linux-android24 -fomit-frame-pointer -march=armv8-a -fPIC -I/home/kokox/.buildozer/android/platform/android-ndk-r28c/toolchains/llvm/prebuilt/linux-x86_64/sysroot/usr/include  -DANDROID -I/home/kokox/.buildozer/android/platform/android-ndk-r28c/toolchains/llvm/prebuilt/linux-x86_64/sysroot/usr/include -I/home/kokox/AppTaller-Rework/.buildozer/android/platform/build-arm64-v8a_armeabi-v7a/build/other_builds/python3/arm64-v8a__ndk_target_24/python3/android-build/android-root/include/python3.14 conftest.c >&5
configure:14518: $? = 0
configure:14538: result: none needed
configure:14552: checking whether munmap is declared
configure:14552: /usr/bin/ccache /home/kokox/.buildozer/android/platform/android-ndk-r28c/toolchains/llvm/prebuilt/linux-x86_64/bin/clang -target aarch64-linux-android24 -fomit-frame-pointer -march=armv8-a -fPIC -c -target aarch64-linux-android24 -fomit-frame-pointer -march=armv8-a -fPIC -I/home/kokox/.buildozer/android/platform/android-ndk-r28c/toolchains/llvm/prebuilt/linux-x86_64/sysroot/usr/include  -DANDROID -I/home/kokox/.buildozer/android/platform/android-ndk-r28c/toolchains/llvm/prebuilt/linux-x86_64/sysroot/usr/include -I/home/kokox/AppTaller-Rework/.buildozer/android/platform/build-arm64-v8a_armeabi-v7a/build/other_builds/python3/arm64-v8a__ndk_target_24/python3/android-build/android-root/include/python3.14 conftest.c >&5
configure:14552: $? = 0
configure:14552: result: yes
configure:14571: checking for munmap's first parameter type
configure:14585: /usr/bin/ccache /home/kokox/.buildozer/android/platform/android-ndk-r28c/toolchains/llvm/prebuilt/linux-x86_64/bin/clang -target aarch64-linux-android24 -fomit-frame-pointer -march=armv8-a -fPIC -c -target aarch64-linux-android24 -fomit-frame-pointer -march=armv8-a -fPIC -I/home/kokox/.buildozer/android/platform/android-ndk-r28c/toolchains/llvm/prebuilt/linux-x86_64/sysroot/usr/include -DANDROID -I/home/kokox/.buildozer/android/platform/android-ndk-r28c/toolchains/llvm/prebuilt/linux-x86_64/sysroot/usr/include -I/home/kokox/AppTaller-Rework/.buildozer/android/platform/build-arm64-v8a_armeabi-v7a/build/other_builds/python3/arm64-v8a__ndk_target_24/python3/android-build/android-root/include/python3.14 conftest.c >&5
configure:14585: $? = 0
configure:14587: result: void *
configure:14631: checking /usr/bin/ccache /home/kokox/.buildozer/android/platform/android-ndk-r28c/toolchains/llvm/prebuilt/linux-x86_64/bin/clang -target aarch64-linux-android24 -fomit-frame-pointer -march=armv8-a -fPIC compiler flag -pedantic to assure ANSI C99 works correctly
configure:14658: /usr/bin/ccache /home/kokox/.buildozer/android/platform/android-ndk-r28c/toolchains/llvm/prebuilt/linux-x86_64/bin/clang -target aarch64-linux-android24 -fomit-frame-pointer -march=armv8-a -fPIC -c -target aarch64-linux-android24 -fomit-frame-pointer -march=armv8-a -fPIC -I/home/kokox/.buildozer/android/platform/android-ndk-r28c/toolchains/llvm/prebuilt/linux-x86_64/sysroot/usr/include  -pedantic -DANDROID -I/home/kokox/.buildozer/android/platform/android-ndk-r28c/toolchains/llvm/prebuilt/linux-x86_64/sysroot/usr/include -I/home/kokox/AppTaller-Rework/.buildozer/android/platform/build-arm64-v8a_armeabi-v7a/build/other_builds/python3/arm64-v8a__ndk_target_24/python3/android-build/android-root/include/python3.14 conftest.c >&5
configure:14658: $? = 0
configure:14660: result: ok, adding to XX_ANSIFLAGS
configure:14631: checking /usr/bin/ccache /home/kokox/.buildozer/android/platform/android-ndk-r28c/toolchains/llvm/prebuilt/linux-x86_64/bin/clang -target aarch64-linux-android24 -fomit-frame-pointer -march=armv8-a -fPIC compiler flag -std=c99 to assure ANSI C99 works correctly
configure:14658: /usr/bin/ccache /home/kokox/.buildozer/android/platform/android-ndk-r28c/toolchains/llvm/prebuilt/linux-x86_64/bin/clang -target aarch64-linux-android24 -fomit-frame-pointer -march=armv8-a -fPIC -c -target aarch64-linux-android24 -fomit-frame-pointer -march=armv8-a -fPIC -I/home/kokox/.buildozer/android/platform/android-ndk-r28c/toolchains/llvm/prebuilt/linux-x86_64/sysroot/usr/include  -pedantic -std=c99 -DANDROID -I/home/kokox/.buildozer/android/platform/android-ndk-r28c/toolchains/llvm/prebuilt/linux-x86_64/sysroot/usr/include -I/home/kokox/AppTaller-Rework/.buildozer/android/platform/build-arm64-v8a_armeabi-v7a/build/other_builds/python3/arm64-v8a__ndk_target_24/python3/android-build/android-root/include/python3.14 conftest.c >&5
configure:14658: $? = 0
configure:14660: result: ok, adding to XX_ANSIFLAGS
configure:14695: checking for -fvisibility=hidden compiler flag
configure:14719: /usr/bin/ccache /home/kokox/.buildozer/android/platform/android-ndk-r28c/toolchains/llvm/prebuilt/linux-x86_64/bin/clang -target aarch64-linux-android24 -fomit-frame-pointer -march=armv8-a -fPIC -c -target aarch64-linux-android24 -fomit-frame-pointer -march=armv8-a -fPIC -I/home/kokox/.buildozer/android/platform/android-ndk-r28c/toolchains/llvm/prebuilt/linux-x86_64/sysroot/usr/include -fvisibility=hidden -Werror -DANDROID -I/home/kokox/.buildozer/android/platform/android-ndk-r28c/toolchains/llvm/prebuilt/linux-x86_64/sysroot/usr/include -I/home/kokox/AppTaller-Rework/.buildozer/android/platform/build-arm64-v8a_armeabi-v7a/build/other_builds/python3/arm64-v8a__ndk_target_24/python3/android-build/android-root/include/python3.14 conftest.c >&5
configure:14719: $? = 0
configure:14723: result: yes
configure:14801: $PKG_CONFIG --exists --print-errors "$zlib_pkg"
configure:14804: $? = 0
configure:14811: checking for ZLIB
configure:14818: $PKG_CONFIG --exists --print-errors "$zlib_pkg"
configure:14821: $? = 0
configure:14835: $PKG_CONFIG --exists --print-errors "$zlib_pkg"
configure:14838: $? = 0
configure:14876: result: yes
configure:15707: checking for library containing clock_gettime
configure:15743: /usr/bin/ccache /home/kokox/.buildozer/android/platform/android-ndk-r28c/toolchains/llvm/prebuilt/linux-x86_64/bin/clang -target aarch64-linux-android24 -fomit-frame-pointer -march=armv8-a -fPIC -o conftest -target aarch64-linux-android24 -fomit-frame-pointer -march=armv8-a -fPIC -I/home/kokox/.buildozer/android/platform/android-ndk-r28c/toolchains/llvm/prebuilt/linux-x86_64/sysroot/usr/include -fvisibility=hidden -DANDROID -I/home/kokox/.buildozer/android/platform/android-ndk-r28c/toolchains/llvm/prebuilt/linux-x86_64/sysroot/usr/include -I/home/kokox/AppTaller-Rework/.buildozer/android/platform/build-arm64-v8a_armeabi-v7a/build/other_builds/python3/arm64-v8a__ndk_target_24/python3/android-build/android-root/include/python3.14   -L/home/kokox/AppTaller-Rework/.buildozer/android/platform/build-arm64-v8a_armeabi-v7a/build/libs_collections/outfitai/arm64-v8a -L/home/kokox/.buildozer/android/platform/android-ndk-r28c/toolchains/llvm/prebuilt/linux-x86_64/sysroot/usr/lib/aarch64-linux-android/24 conftest.c  >&5
configure:15743: $? = 0
configure:15765: result: none required
configure:15795: checking for LIBRSVG
configure:15802: $PKG_CONFIG --exists --print-errors "librsvg-2.0 >= 2.46.0"
Package librsvg-2.0 was not found in the pkg-config search path.
Perhaps you should add the directory containing `librsvg-2.0.pc'
to the PKG_CONFIG_PATH environment variable
Package 'librsvg-2.0' not found
configure:15805: $? = 1
configure:15819: $PKG_CONFIG --exists --print-errors "librsvg-2.0 >= 2.46.0"
Package librsvg-2.0 was not found in the pkg-config search path.
Perhaps you should add the directory containing `librsvg-2.0.pc'
to the PKG_CONFIG_PATH environment variable
Package 'librsvg-2.0' not found
configure:15822: $? = 1
configure:15836: result: no
Package 'librsvg-2.0' not found
configure:15907: checking whether CFLAGS and LDFLAGS share -march=armv8-a
configure:15914: result: no, copy to LDFLAGS
configure:16480: checking target system type
configure:16495: result: aarch64-unknown-linux-android
configure:16522: checking for egrep -e
configure:16652: result: /usr/bin/grep -E
configure:16822: checking whether /usr/bin/ccache /home/kokox/.buildozer/android/platform/android-ndk-r28c/toolchains/llvm/prebuilt/linux-x86_64/bin/clang -target aarch64-linux-android24 -fomit-frame-pointer -march=armv8-a -fPIC is Clang
configure:16850: result: yes
configure:16916: checking whether pthreads work with "-pthread" and "-lpthread"
configure:17028: /usr/bin/ccache /home/kokox/.buildozer/android/platform/android-ndk-r28c/toolchains/llvm/prebuilt/linux-x86_64/bin/clang -target aarch64-linux-android24 -fomit-frame-pointer -march=armv8-a -fPIC -o conftest -target aarch64-linux-android24 -fomit-frame-pointer -march=armv8-a -fPIC -I/home/kokox/.buildozer/android/platform/android-ndk-r28c/toolchains/llvm/prebuilt/linux-x86_64/sysroot/usr/include -fvisibility=hidden -pthread -DANDROID -I/home/kokox/.buildozer/android/platform/android-ndk-r28c/toolchains/llvm/prebuilt/linux-x86_64/sysroot/usr/include -I/home/kokox/AppTaller-Rework/.buildozer/android/platform/build-arm64-v8a_armeabi-v7a/build/other_builds/python3/arm64-v8a__ndk_target_24/python3/android-build/android-root/include/python3.14   -L/home/kokox/AppTaller-Rework/.buildozer/android/platform/build-arm64-v8a_armeabi-v7a/build/libs_collections/outfitai/arm64-v8a -L/home/kokox/.buildozer/android/platform/android-ndk-r28c/toolchains/llvm/prebuilt/linux-x86_64/sysroot/usr/lib/aarch64-linux-android/24 -march=armv8-a conftest.c -lpthread  >&5
ld.lld: error: unable to find library -lpthread
clang: error: linker command failed with exit code 1 (use -v to see invocation)
configure:17028: $? = 1
configure: failed program was:
| /* confdefs.h */
| #define PACKAGE_NAME "FreeType"
| #define PACKAGE_TARNAME "freetype"
| #define PACKAGE_VERSION "2.14.1"
| #define PACKAGE_STRING "FreeType 2.14.1"
| #define PACKAGE_BUGREPORT "freetype@nongnu.org"
| #define PACKAGE_URL ""
| #define HAVE_STDIO_H 1
| #define HAVE_STDLIB_H 1
| #define HAVE_STRING_H 1
| #define HAVE_INTTYPES_H 1
| #define HAVE_STDINT_H 1
| #define HAVE_STRINGS_H 1
| #define HAVE_SYS_STAT_H 1
| #define HAVE_SYS_TYPES_H 1
| #define HAVE_UNISTD_H 1
| #define HAVE_SYS_PARAM_H 1
| #define STDC_HEADERS 1
| #define HAVE_DLFCN_H 1
| #define LT_OBJDIR ".libs/"
| #define HAVE_FCNTL_H 1
| #define HAVE_UNISTD_H 1
| #define HAVE_GETPAGESIZE 1
| #define HAVE_MMAP 1
| #define HAVE_DECL_MUNMAP 1
| #define MUNMAP_USES_VOIDP /**/
| /* end confdefs.h.  */
| #include <pthread.h>
| #                       if !defined(_REENTRANT)
| #                        error "_REENTRANT must be defined"
| #                       endif
|                         static void *some_global = NULL;
|                         static void routine(void *a)
|                           {
|                              /* To avoid any unused-parameter or
|                                 unused-but-set-parameter warning.  */
|                              some_global = a;
|                           }
|                         static void *start_routine(void *a) { return a; }
| int
| main (void)
| {
| pthread_t th; pthread_attr_t attr;
|                         pthread_create(&th, 0, start_routine, 0);
|                         pthread_join(th, 0);
|                         pthread_attr_init(&attr);
|                         pthread_cleanup_push(routine, 0);
|                         pthread_cleanup_pop(0) /* ; */
|   ;
|   return 0;
| }
configure:17038: result: no
configure:16921: checking whether pthreads work with -pthread
configure:17028: /usr/bin/ccache /home/kokox/.buildozer/android/platform/android-ndk-r28c/toolchains/llvm/prebuilt/linux-x86_64/bin/clang -target aarch64-linux-android24 -fomit-frame-pointer -march=armv8-a -fPIC -o conftest -target aarch64-linux-android24 -fomit-frame-pointer -march=armv8-a -fPIC -I/home/kokox/.buildozer/android/platform/android-ndk-r28c/toolchains/llvm/prebuilt/linux-x86_64/sysroot/usr/include -fvisibility=hidden -pthread -DANDROID -I/home/kokox/.buildozer/android/platform/android-ndk-r28c/toolchains/llvm/prebuilt/linux-x86_64/sysroot/usr/include -I/home/kokox/AppTaller-Rework/.buildozer/android/platform/build-arm64-v8a_armeabi-v7a/build/other_builds/python3/arm64-v8a__ndk_target_24/python3/android-build/android-root/include/python3.14   -L/home/kokox/AppTaller-Rework/.buildozer/android/platform/build-arm64-v8a_armeabi-v7a/build/libs_collections/outfitai/arm64-v8a -L/home/kokox/.buildozer/android/platform/android-ndk-r28c/toolchains/llvm/prebuilt/linux-x86_64/sysroot/usr/lib/aarch64-linux-android/24 -march=armv8-a conftest.c   >&5
configure:17028: $? = 0
configure:17038: result: yes
configure:17087: checking whether Clang needs flag to prevent "argument unused" warning when linking with -pthread
configure:17114: /usr/bin/ccache /home/kokox/.buildozer/android/platform/android-ndk-r28c/toolchains/llvm/prebuilt/linux-x86_64/bin/clang -target aarch64-linux-android24 -fomit-frame-pointer -march=armv8-a -fPIC -o conftest -Werror -Wunknown-warning-option  -pthread -target aarch64-linux-android24 -fomit-frame-pointer -march=armv8-a -fPIC -I/home/kokox/.buildozer/android/platform/android-ndk-r28c/toolchains/llvm/prebuilt/linux-x86_64/sysroot/usr/include -fvisibility=hidden -DANDROID -I/home/kokox/.buildozer/android/platform/android-ndk-r28c/toolchains/llvm/prebuilt/linux-x86_64/sysroot/usr/include -I/home/kokox/AppTaller-Rework/.buildozer/android/platform/build-arm64-v8a_armeabi-v7a/build/other_builds/python3/arm64-v8a__ndk_target_24/python3/android-build/android-root/include/python3.14   -L/home/kokox/AppTaller-Rework/.buildozer/android/platform/build-arm64-v8a_armeabi-v7a/build/libs_collections/outfitai/arm64-v8a -L/home/kokox/.buildozer/android/platform/android-ndk-r28c/toolchains/llvm/prebuilt/linux-x86_64/sysroot/usr/lib/aarch64-linux-android/24 -march=armv8-a conftest.c  >&5
configure:17114: $? = 0
configure:17121: (/usr/bin/ccache /home/kokox/.buildozer/android/platform/android-ndk-r28c/toolchains/llvm/prebuilt/linux-x86_64/bin/clang -target aarch64-linux-android24 -fomit-frame-pointer -march=armv8-a -fPIC -c -Werror -Wunknown-warning-option  -pthread -target aarch64-linux-android24 -fomit-frame-pointer -march=armv8-a -fPIC -I/home/kokox/.buildozer/android/platform/android-ndk-r28c/toolchains/llvm/prebuilt/linux-x86_64/sysroot/usr/include -fvisibility=hidden -DANDROID -I/home/kokox/.buildozer/android/platform/android-ndk-r28c/toolchains/llvm/prebuilt/linux-x86_64/sysroot/usr/include -I/home/kokox/AppTaller-Rework/.buildozer/android/platform/build-arm64-v8a_armeabi-v7a/build/other_builds/python3/arm64-v8a__ndk_target_24/python3/android-build/android-root/include/python3.14 conftest.c >&5) && (echo ==== >&5) && (/usr/bin/ccache /home/kokox/.buildozer/android/platform/android-ndk-r28c/toolchains/llvm/prebuilt/linux-x86_64/bin/clang -target aarch64-linux-android24 -fomit-frame-pointer -march=armv8-a -fPIC -o conftest -Werror -Wunknown-warning-option  -pthread -target aarch64-linux-android24 -fomit-frame-pointer -march=armv8-a -fPIC -I/home/kokox/.buildozer/android/platform/android-ndk-r28c/toolchains/llvm/prebuilt/linux-x86_64/sysroot/usr/include -fvisibility=hidden -DANDROID -I/home/kokox/.buildozer/android/platform/android-ndk-r28c/toolchains/llvm/prebuilt/linux-x86_64/sysroot/usr/include -I/home/kokox/AppTaller-Rework/.buildozer/android/platform/build-arm64-v8a_armeabi-v7a/build/other_builds/python3/arm64-v8a__ndk_target_24/python3/android-build/android-root/include/python3.14   -L/home/kokox/AppTaller-Rework/.buildozer/android/platform/build-arm64-v8a_armeabi-v7a/build/libs_collections/outfitai/arm64-v8a -L/home/kokox/.buildozer/android/platform/android-ndk-r28c/toolchains/llvm/prebuilt/linux-x86_64/sysroot/usr/lib/aarch64-linux-android/24 -march=armv8-a conftest.o  >&5)
====
configure:17121: $? = 0
configure:17142: result: no
configure:17162: checking for joinable pthread attribute
configure:17181: /usr/bin/ccache /home/kokox/.buildozer/android/platform/android-ndk-r28c/toolchains/llvm/prebuilt/linux-x86_64/bin/clang -target aarch64-linux-android24 -fomit-frame-pointer -march=armv8-a -fPIC -o conftest -target aarch64-linux-android24 -fomit-frame-pointer -march=armv8-a -fPIC -I/home/kokox/.buildozer/android/platform/android-ndk-r28c/toolchains/llvm/prebuilt/linux-x86_64/sysroot/usr/include -fvisibility=hidden -pthread -DANDROID -I/home/kokox/.buildozer/android/platform/android-ndk-r28c/toolchains/llvm/prebuilt/linux-x86_64/sysroot/usr/include -I/home/kokox/AppTaller-Rework/.buildozer/android/platform/build-arm64-v8a_armeabi-v7a/build/other_builds/python3/arm64-v8a__ndk_target_24/python3/android-build/android-root/include/python3.14   -L/home/kokox/AppTaller-Rework/.buildozer/android/platform/build-arm64-v8a_armeabi-v7a/build/libs_collections/outfitai/arm64-v8a -L/home/kokox/.buildozer/android/platform/android-ndk-r28c/toolchains/llvm/prebuilt/linux-x86_64/sysroot/usr/lib/aarch64-linux-android/24 -march=armv8-a conftest.c   >&5
configure:17181: $? = 0
configure:17191: result: PTHREAD_CREATE_JOINABLE
configure:17204: checking whether more special flags are required for pthreads
configure:17219: result: no
configure:17228: checking for PTHREAD_PRIO_INHERIT
configure:17246: /usr/bin/ccache /home/kokox/.buildozer/android/platform/android-ndk-r28c/toolchains/llvm/prebuilt/linux-x86_64/bin/clang -target aarch64-linux-android24 -fomit-frame-pointer -march=armv8-a -fPIC -o conftest -target aarch64-linux-android24 -fomit-frame-pointer -march=armv8-a -fPIC -I/home/kokox/.buildozer/android/platform/android-ndk-r28c/toolchains/llvm/prebuilt/linux-x86_64/sysroot/usr/include -fvisibility=hidden -pthread -DANDROID -I/home/kokox/.buildozer/android/platform/android-ndk-r28c/toolchains/llvm/prebuilt/linux-x86_64/sysroot/usr/include -I/home/kokox/AppTaller-Rework/.buildozer/android/platform/build-arm64-v8a_armeabi-v7a/build/other_builds/python3/arm64-v8a__ndk_target_24/python3/android-build/android-root/include/python3.14   -L/home/kokox/AppTaller-Rework/.buildozer/android/platform/build-arm64-v8a_armeabi-v7a/build/libs_collections/outfitai/arm64-v8a -L/home/kokox/.buildozer/android/platform/android-ndk-r28c/toolchains/llvm/prebuilt/linux-x86_64/sysroot/usr/lib/aarch64-linux-android/24 -march=armv8-a conftest.c   >&5
configure:17246: $? = 0
configure:17258: result: yes
configure:17444: checking for python3
configure:17465: found /home/kokox/.local/bin/python3
configure:17477: result: python3
configure:17499: checking for python version
configure:17504: result: 3.11.16
configure:17565: checking for `docwriter' Python module
configure:17573: result: no
configure:17856: creating ./config.status

## ---------------------- ##
## Running config.status. ##
## ---------------------- ##

This file was extended by FreeType config.status 2.14.1, which was
generated by GNU Autoconf 2.72.  Invocation command line was

  CONFIG_FILES    = 
  CONFIG_HEADERS  = 
  CONFIG_LINKS    = 
  CONFIG_COMMANDS = 
  $ ./config.status 

on Luis-Ealo

config.status:1162: creating ftoption.h
config.status:1162: creating unix-cc.mk
config.status:1162: creating unix-def.mk
config.status:1162: creating ftconfig.h
config.status:1357: executing libtool commands
configure:20101:

Library configuration:
  external zlib: yes (pkg-config)
  bzip2:         no
  libpng:        no
  harfbuzz:      no
  brotli:        no
  pthread:       yes

configure:20125: WARNING:
  `make refdoc' will fail since pip package `docwriter' is not installed.
  To install, run `python3 -m pip install docwriter', or to use a Python
  virtual environment, run `make refdoc-venv' (requires pip package
  `virtualenv').  These operations require Python >= 3.5.
  

## ---------------- ##
## Cache variables. ##
## ---------------- ##

ac_cv_build=x86_64-pc-linux-android
ac_cv_c_compiler_gnu=yes
ac_cv_c_const=yes
ac_cv_c_undeclared_builtin_options='none needed'
ac_cv_env_BROTLI_CFLAGS_set=
ac_cv_env_BROTLI_CFLAGS_value=
ac_cv_env_BROTLI_LIBS_set=
ac_cv_env_BROTLI_LIBS_value=
ac_cv_env_BZIP2_CFLAGS_set=
ac_cv_env_BZIP2_CFLAGS_value=
ac_cv_env_BZIP2_LIBS_set=
ac_cv_env_BZIP2_LIBS_value=
ac_cv_env_CC_set=set
ac_cv_env_CC_value='/usr/bin/ccache /home/kokox/.buildozer/android/platform/android-ndk-r28c/toolchains/llvm/prebuilt/linux-x86_64/bin/clang -target aarch64-linux-android24 -fomit-frame-pointer -march=armv8-a -fPIC'
ac_cv_env_CFLAGS_set=set
ac_cv_env_CFLAGS_value='-target aarch64-linux-android24 -fomit-frame-pointer -march=armv8-a -fPIC -I/home/kokox/.buildozer/android/platform/android-ndk-r28c/toolchains/llvm/prebuilt/linux-x86_64/sysroot/usr/include'
ac_cv_env_CPPFLAGS_set=set
ac_cv_env_CPPFLAGS_value='-DANDROID -I/home/kokox/.buildozer/android/platform/android-ndk-r28c/toolchains/llvm/prebuilt/linux-x86_64/sysroot/usr/include -I/home/kokox/AppTaller-Rework/.buildozer/android/platform/build-arm64-v8a_armeabi-v7a/build/other_builds/python3/arm64-v8a__ndk_target_24/python3/android-build/android-root/include/python3.14'
ac_cv_env_CPP_set=
ac_cv_env_CPP_value=
ac_cv_env_HARFBUZZ_CFLAGS_set=
ac_cv_env_HARFBUZZ_CFLAGS_value=
ac_cv_env_HARFBUZZ_LIBS_set=
ac_cv_env_HARFBUZZ_LIBS_value=
ac_cv_env_LDFLAGS_set=set
ac_cv_env_LDFLAGS_value='  -L/home/kokox/AppTaller-Rework/.buildozer/android/platform/build-arm64-v8a_armeabi-v7a/build/libs_collections/outfitai/arm64-v8a -L/home/kokox/.buildozer/android/platform/android-ndk-r28c/toolchains/llvm/prebuilt/linux-x86_64/sysroot/usr/lib/aarch64-linux-android/24'
ac_cv_env_LIBPNG_CFLAGS_set=
ac_cv_env_LIBPNG_CFLAGS_value=
ac_cv_env_LIBPNG_LIBS_set=
ac_cv_env_LIBPNG_LIBS_value=
ac_cv_env_LIBRSVG_CFLAGS_set=
ac_cv_env_LIBRSVG_CFLAGS_value=
ac_cv_env_LIBRSVG_LIBS_set=
ac_cv_env_LIBRSVG_LIBS_value=
ac_cv_env_LIBS_set=
ac_cv_env_LIBS_value=
ac_cv_env_LT_SYS_LIBRARY_PATH_set=
ac_cv_env_LT_SYS_LIBRARY_PATH_value=
ac_cv_env_PKG_CONFIG_LIBDIR_set=
ac_cv_env_PKG_CONFIG_LIBDIR_value=
ac_cv_env_PKG_CONFIG_PATH_set=
ac_cv_env_PKG_CONFIG_PATH_value=
ac_cv_env_PKG_CONFIG_set=
ac_cv_env_PKG_CONFIG_value=
ac_cv_env_ZLIB_CFLAGS_set=
ac_cv_env_ZLIB_CFLAGS_value=
ac_cv_env_ZLIB_LIBS_set=
ac_cv_env_ZLIB_LIBS_value=
ac_cv_env_build_alias_set=
ac_cv_env_build_alias_value=
ac_cv_env_host_alias_set=set
ac_cv_env_host_alias_value=aarch64-linux-android
ac_cv_env_target_alias_set=
ac_cv_env_target_alias_value=
ac_cv_func_getpagesize=yes
ac_cv_func_mmap_fixed_mapped=yes
ac_cv_have_decl_munmap=yes
ac_cv_header_dlfcn_h=yes
ac_cv_header_fcntl_h=yes
ac_cv_header_inttypes_h=yes
ac_cv_header_stdint_h=yes
ac_cv_header_stdio_h=yes
ac_cv_header_stdlib_h=yes
ac_cv_header_string_h=yes
ac_cv_header_strings_h=yes
ac_cv_header_sys_param_h=yes
ac_cv_header_sys_stat_h=yes
ac_cv_header_sys_types_h=yes
ac_cv_header_unistd_h=yes
ac_cv_header_windows_h=no
ac_cv_host=aarch64-unknown-linux-android
ac_cv_objext=o
ac_cv_path_EGREP='/usr/bin/grep -E'
ac_cv_path_EGREP_TRADITIONAL='/usr/bin/grep -E'
ac_cv_path_FGREP='/usr/bin/grep -F'
ac_cv_path_GREP=/usr/bin/grep
ac_cv_path_SED=/usr/bin/sed
ac_cv_path_ac_pt_PKG_CONFIG=/usr/bin/pkg-config
ac_cv_path_install='/usr/bin/install -c'
ac_cv_path_lt_DD=/usr/bin/dd
ac_cv_path_mkdir=/usr/bin/mkdir
ac_cv_prog_AR=/home/kokox/.buildozer/android/platform/android-ndk-r28c/toolchains/llvm/prebuilt/linux-x86_64/bin/llvm-ar
ac_cv_prog_AWK=gawk
ac_cv_prog_CC='/usr/bin/ccache /home/kokox/.buildozer/android/platform/android-ndk-r28c/toolchains/llvm/prebuilt/linux-x86_64/bin/clang -target aarch64-linux-android24 -fomit-frame-pointer -march=armv8-a -fPIC'
ac_cv_prog_CC_BUILD=gcc
ac_cv_prog_CPP='/usr/bin/ccache /home/kokox/.buildozer/android/platform/android-ndk-r28c/toolchains/llvm/prebuilt/linux-x86_64/bin/clang -target aarch64-linux-android24 -fomit-frame-pointer -march=armv8-a -fPIC -E'
ac_cv_prog_FILECMD=file
ac_cv_prog_PYTHON=python3
ac_cv_prog_RANLIB=/home/kokox/.buildozer/android/platform/android-ndk-r28c/toolchains/llvm/prebuilt/linux-x86_64/bin/llvm-ranlib
ac_cv_prog_STRIP='/home/kokox/.buildozer/android/platform/android-ndk-r28c/toolchains/llvm/prebuilt/linux-x86_64/bin/llvm-strip --strip-unneeded'
ac_cv_prog_ac_ct_DUMPBIN='link -dump'
ac_cv_prog_ac_ct_OBJDUMP=objdump
ac_cv_prog_cc_c11=
ac_cv_prog_cc_g=yes
ac_cv_prog_cc_stdc=
ac_cv_search_clock_gettime='none required'
ac_cv_sys_largefile_opts='none needed'
ac_cv_target=aarch64-unknown-linux-android
ax_cv_PTHREAD_CLANG=yes
ax_cv_PTHREAD_CLANG_NO_WARN_FLAG=no
ax_cv_PTHREAD_JOINABLE_ATTR=PTHREAD_CREATE_JOINABLE
ax_cv_PTHREAD_PRIO_INHERIT=yes
ax_cv_PTHREAD_SPECIAL_FLAGS=no
lt_cv_ar_at_file=@
lt_cv_archive_cmds_need_lc=no
lt_cv_deplibs_check_method=pass_all
lt_cv_file_magic_cmd='$MAGIC_CMD'
lt_cv_file_magic_test_file=
lt_cv_ld_reload_flag=-r
lt_cv_nm_interface='BSD nm'
lt_cv_objdir=.libs
lt_cv_path_LD=/home/kokox/.buildozer/android/platform/android-ndk-r28c/toolchains/llvm/prebuilt/linux-x86_64/bin/ld
lt_cv_path_NM=no
lt_cv_path_manifest_tool=no
lt_cv_prog_compiler_c_o=yes
lt_cv_prog_compiler_pic='-fPIC -DPIC'
lt_cv_prog_compiler_pic_works=yes
lt_cv_prog_compiler_rtti_exceptions=yes
lt_cv_prog_compiler_static_works=yes
lt_cv_prog_gnu_ld=yes
lt_cv_sharedlib_from_linklib_cmd='printf %s\n'
lt_cv_sys_global_symbol_pipe='/usr/bin/sed -n -e '\''s/^.*[	 ]\([ABCDGIRSTW][ABCDGIRSTW]*\)[	 ][	 ]*\([_A-Za-z][_A-Za-z0-9]*\)$/\1 \2 \2/p'\'' | /usr/bin/sed '\''/ __gnu_lto/d'\'''
lt_cv_sys_global_symbol_to_c_name_address='/usr/bin/sed -n -e '\''s/^: \(.*\) .*$/  {"\1", (void *) 0},/p'\'' -e '\''s/^[ABCDGIRSTW][ABCDGIRSTW]* .* \(.*\)$/  {"\1", (void *) \&\1},/p'\'''
lt_cv_sys_global_symbol_to_c_name_address_lib_prefix='/usr/bin/sed -n -e '\''s/^: \(.*\) .*$/  {"\1", (void *) 0},/p'\'' -e '\''s/^[ABCDGIRSTW][ABCDGIRSTW]* .* \(lib.*\)$/  {"\1", (void *) \&\1},/p'\'' -e '\''s/^[ABCDGIRSTW][ABCDGIRSTW]* .* \(.*\)$/  {"lib\1", (void *) \&\1},/p'\'''
lt_cv_sys_global_symbol_to_cdecl='/usr/bin/sed -n -e '\''s/^T .* \(.*\)$/extern int \1();/p'\'' -e '\''s/^[ABCDGIRSTW][ABCDGIRSTW]* .* \(.*\)$/extern char \1;/p'\'''
lt_cv_sys_global_symbol_to_import=
lt_cv_sys_max_cmd_len=1572864
lt_cv_to_host_file_cmd=func_convert_file_noop
lt_cv_to_tool_file_cmd=func_convert_file_noop
lt_cv_truncate_bin='/usr/bin/dd bs=4096 count=1'
pkg_cv_ZLIB_CFLAGS=
pkg_cv_ZLIB_LIBS=-lz

## ----------------- ##
## Output variables. ##
## ----------------- ##

AR='/home/kokox/.buildozer/android/platform/android-ndk-r28c/toolchains/llvm/prebuilt/linux-x86_64/bin/llvm-ar'
AS='as'
AWK='gawk'
BROTLI_CFLAGS=''
BROTLI_LIBS=''
BZIP2_CFLAGS=''
BZIP2_LIBS=''
CC='/usr/bin/ccache /home/kokox/.buildozer/android/platform/android-ndk-r28c/toolchains/llvm/prebuilt/linux-x86_64/bin/clang -target aarch64-linux-android24 -fomit-frame-pointer -march=armv8-a -fPIC'
CC_BUILD='gcc'
CFLAGS='-target aarch64-linux-android24 -fomit-frame-pointer -march=armv8-a -fPIC -I/home/kokox/.buildozer/android/platform/android-ndk-r28c/toolchains/llvm/prebuilt/linux-x86_64/sysroot/usr/include -fvisibility=hidden  -pthread'
CFLAGS_BUILD=''
CPP='/usr/bin/ccache /home/kokox/.buildozer/android/platform/android-ndk-r28c/toolchains/llvm/prebuilt/linux-x86_64/bin/clang -target aarch64-linux-android24 -fomit-frame-pointer -march=armv8-a -fPIC -E'
CPPFLAGS='-DANDROID -I/home/kokox/.buildozer/android/platform/android-ndk-r28c/toolchains/llvm/prebuilt/linux-x86_64/sysroot/usr/include -I/home/kokox/AppTaller-Rework/.buildozer/android/platform/build-arm64-v8a_armeabi-v7a/build/other_builds/python3/arm64-v8a__ndk_target_24/python3/android-build/android-root/include/python3.14'
DEFS='-DHAVE_CONFIG_H'
DLLTOOL='false'
DSYMUTIL=''
DUMPBIN=':'
ECHO_C=''
ECHO_N='-n'
ECHO_T=''
EGREP='/usr/bin/grep -E'
EXEEXT=''
EXEEXT_BUILD=''
FGREP='/usr/bin/grep -F'
FILECMD='file'
FTSYS_SRC='$(PLATFORM_DIR)/ftsystem.c'
FT_DEMO_CFLAGS=''
FT_DEMO_LDFLAGS=''
GREP='/usr/bin/grep'
HARFBUZZ_CFLAGS=''
HARFBUZZ_LIBS=''
INSTALL_DATA='${INSTALL} -m 644'
INSTALL_FT2_CONFIG='FALSE'
INSTALL_PROGRAM='${INSTALL}'
INSTALL_SCRIPT='${INSTALL}'
LD='/home/kokox/.buildozer/android/platform/android-ndk-r28c/toolchains/llvm/prebuilt/linux-x86_64/bin/ld'
LDFLAGS='  -L/home/kokox/AppTaller-Rework/.buildozer/android/platform/build-arm64-v8a_armeabi-v7a/build/libs_collections/outfitai/arm64-v8a -L/home/kokox/.buildozer/android/platform/android-ndk-r28c/toolchains/llvm/prebuilt/linux-x86_64/sysroot/usr/lib/aarch64-linux-android/24 -march=armv8-a -lz -pthread '
LDFLAGS_BUILD=''
LIBOBJS=''
LIBPNG_CFLAGS=''
LIBPNG_LIBS=''
LIBRSVG_CFLAGS=''
LIBRSVG_LIBS=''
LIBS=''
LIBSSTATIC_CONFIG='-lfreetype -lz'
LIBTOOL='$(SHELL) $(top_builddir)/libtool'
LIPO=''
LN_S='ln -s'
LTLIBOBJS=''
LT_SYS_LIBRARY_PATH=''
MANIFEST_TOOL=':'
MKDIR_P='/usr/bin/mkdir -p'
NM='nm'
NMEDIT=''
OBJDUMP='objdump'
OBJEXT='o'
OTOOL64=''
OTOOL=''
PACKAGE_BUGREPORT='freetype@nongnu.org'
PACKAGE_NAME='FreeType'
PACKAGE_STRING='FreeType 2.14.1'
PACKAGE_TARNAME='freetype'
PACKAGE_URL=''
PACKAGE_VERSION='2.14.1'
PATH_SEPARATOR=':'
PKGCONFIG_LIBS='-L${libdir} -lfreetype'
PKGCONFIG_LIBS_PRIVATE=''
PKGCONFIG_REQUIRES=''
PKGCONFIG_REQUIRES_PRIVATE='zlib'
PKG_CONFIG='/usr/bin/pkg-config'
PKG_CONFIG_LIBDIR=''
PKG_CONFIG_PATH=''
PTHREAD_CC='/usr/bin/ccache /home/kokox/.buildozer/android/platform/android-ndk-r28c/toolchains/llvm/prebuilt/linux-x86_64/bin/clang -target aarch64-linux-android24 -fomit-frame-pointer -march=armv8-a -fPIC'
PTHREAD_CFLAGS='-pthread'
PTHREAD_CXX='/usr/bin/ccache /home/kokox/.buildozer/android/platform/android-ndk-r28c/toolchains/llvm/prebuilt/linux-x86_64/bin/clang++ -target aarch64-linux-android24 -fomit-frame-pointer -march=armv8-a -fPIC'
PTHREAD_LIBS=''
PYTHON='python3'
PYTHON_VERSION='3.11.16'
RANLIB='/home/kokox/.buildozer/android/platform/android-ndk-r28c/toolchains/llvm/prebuilt/linux-x86_64/bin/llvm-ranlib'
RC=''
SED='/usr/bin/sed'
SHELL='/bin/bash'
STRIP='/home/kokox/.buildozer/android/platform/android-ndk-r28c/toolchains/llvm/prebuilt/linux-x86_64/bin/llvm-strip --strip-unneeded'
SYSTEM_ZLIB='yes'
XX_ANSIFLAGS=' -pedantic -std=c99'
XX_CFLAGS='-Wall'
ZLIB_CFLAGS=''
ZLIB_LIBS='-lz'
ac_ct_AR=''
ac_ct_CC=''
ac_ct_DUMPBIN='link -dump'
ax_pthread_config=''
bindir='${exec_prefix}/bin'
build='x86_64-pc-linux-android'
build_alias=''
build_cpu='x86_64'
build_libtool_libs=''
build_os='linux-android'
build_vendor='pc'
datadir='${datarootdir}'
datarootdir='${prefix}/share'
docdir='${datarootdir}/doc/${PACKAGE_TARNAME}'
dvidir='${docdir}'
exec_prefix='${prefix}'
ft_version='26.4.20'
ftmac_c=''
hardcode_libdir_flag_spec='$wl-rpath $wl$libdir'
have_libpng='no'
host='aarch64-unknown-linux-android'
host_alias='aarch64-linux-android'
host_cpu='aarch64'
host_os='linux-android'
host_vendor='unknown'
htmldir='${docdir}'
includedir='${prefix}/include'
infodir='${datarootdir}/info'
libdir='${exec_prefix}/lib'
libexecdir='${exec_prefix}/libexec'
localedir='${datarootdir}/locale'
localstatedir='${prefix}/var'
mandir='${datarootdir}/man'
oldincludedir='/usr/include'
pdfdir='${docdir}'
prefix='/home/kokox/AppTaller-Rework/.buildozer/android/platform/build-arm64-v8a_armeabi-v7a/build/other_builds/freetype/arm64-v8a__ndk_target_24/freetype'
program_transform_name='s,x,x,'
psdir='${docdir}'
runstatedir='${localstatedir}/run'
sbindir='${exec_prefix}/sbin'
sharedstatedir='${prefix}/com'
sysconfdir='${prefix}/etc'
target='aarch64-unknown-linux-android'
target_alias=''
target_cpu='aarch64'
target_os='linux-android'
target_vendor='unknown'
version_info='26:4:20'
wl='-Wl,'

## ----------- ##
## confdefs.h. ##
## ----------- ##

/* confdefs.h */
#define PACKAGE_NAME "FreeType"
#define PACKAGE_TARNAME "freetype"
#define PACKAGE_VERSION "2.14.1"
#define PACKAGE_STRING "FreeType 2.14.1"
#define PACKAGE_BUGREPORT "freetype@nongnu.org"
#define PACKAGE_URL ""
#define HAVE_STDIO_H 1
#define HAVE_STDLIB_H 1
#define HAVE_STRING_H 1
#define HAVE_INTTYPES_H 1
#define HAVE_STDINT_H 1
#define HAVE_STRINGS_H 1
#define HAVE_SYS_STAT_H 1
#define HAVE_SYS_TYPES_H 1
#define HAVE_UNISTD_H 1
#define HAVE_SYS_PARAM_H 1
#define STDC_HEADERS 1
#define HAVE_DLFCN_H 1
#define LT_OBJDIR ".libs/"
#define HAVE_FCNTL_H 1
#define HAVE_UNISTD_H 1
#define HAVE_GETPAGESIZE 1
#define HAVE_MMAP 1
#define HAVE_DECL_MUNMAP 1
#define MUNMAP_USES_VOIDP /**/
#define HAVE_PTHREAD_PRIO_INHERIT 1

configure: exit 0
